
Allocating common symbols
Common symbol       size              file

kbd_buf             0x6c              build/keyboard.o
thread_ready_list   0x10              build/thread.o
thread_all_list     0x10              build/thread.o
user_pool           0x2c              build/memory.o
intr_name           0x204             build/interrupt.o
main_thread         0x4               build/thread.o
ticks               0x4               build/timer.o
kernel_vaddr        0xc               build/memory.o
syscall_table       0x80              build/syscall-init.o
idt_table           0x204             build/interrupt.o
kernel_pool         0x2c              build/memory.o
pid_lock            0x1c              build/thread.o

Discarded input sections

 .note.GNU-stack
                0x0000000000000000        0x0 build/main.o
 .note.GNU-stack
                0x0000000000000000        0x0 build/init.o
 .note.GNU-stack
                0x0000000000000000        0x0 build/interrupt.o
 .note.GNU-stack
                0x0000000000000000        0x0 build/timer.o
 .note.GNU-stack
                0x0000000000000000        0x0 build/debug.o
 .note.GNU-stack
                0x0000000000000000        0x0 build/memory.o
 .note.GNU-stack
                0x0000000000000000        0x0 build/bitmap.o
 .note.GNU-stack
                0x0000000000000000        0x0 build/string.o
 .note.GNU-stack
                0x0000000000000000        0x0 build/thread.o
 .note.GNU-stack
                0x0000000000000000        0x0 build/list.o
 .note.GNU-stack
                0x0000000000000000        0x0 build/console.o
 .note.GNU-stack
                0x0000000000000000        0x0 build/sync.o
 .note.GNU-stack
                0x0000000000000000        0x0 build/keyboard.o
 .note.GNU-stack
                0x0000000000000000        0x0 build/ioqueue.o
 .note.GNU-stack
                0x0000000000000000        0x0 build/tss.o
 .note.GNU-stack
                0x0000000000000000        0x0 build/process.o
 .note.GNU-stack
                0x0000000000000000        0x0 build/syscall.o
 .note.GNU-stack
                0x0000000000000000        0x0 build/syscall-init.o
 .note.GNU-stack
                0x0000000000000000        0x0 build/stdio.o

Memory Configuration

Name             Origin             Length             Attributes
*default*        0x0000000000000000 0xffffffffffffffff

Linker script and memory map

Address of section .text set to 0xc0001500
LOAD build/main.o
LOAD build/init.o
LOAD build/interrupt.o
LOAD build/timer.o
LOAD build/kernel.o
LOAD build/print.o
LOAD build/debug.o
LOAD build/memory.o
LOAD build/bitmap.o
LOAD build/string.o
LOAD build/thread.o
LOAD build/list.o
LOAD build/switch.o
LOAD build/console.o
LOAD build/sync.o
LOAD build/keyboard.o
LOAD build/ioqueue.o
LOAD build/tss.o
LOAD build/process.o
LOAD build/syscall.o
LOAD build/syscall-init.o
LOAD build/stdio.o
                0x0000000008048000                PROVIDE (__executable_start, 0x8048000)
                0x0000000008048094                . = (0x8048000 + SIZEOF_HEADERS)

.interp
 *(.interp)

.note.gnu.build-id
 *(.note.gnu.build-id)

.hash
 *(.hash)

.gnu.hash
 *(.gnu.hash)

.dynsym
 *(.dynsym)

.dynstr
 *(.dynstr)

.gnu.version
 *(.gnu.version)

.gnu.version_d
 *(.gnu.version_d)

.gnu.version_r
 *(.gnu.version_r)

.rel.dyn        0x0000000008048094        0x0
 *(.rel.init)
 *(.rel.text .rel.text.* .rel.gnu.linkonce.t.*)
 .rel.text      0x0000000000000000        0x0 build/main.o
 *(.rel.fini)
 *(.rel.rodata .rel.rodata.* .rel.gnu.linkonce.r.*)
 *(.rel.data.rel.ro* .rel.gnu.linkonce.d.rel.ro.*)
 *(.rel.data .rel.data.* .rel.gnu.linkonce.d.*)
 *(.rel.tdata .rel.tdata.* .rel.gnu.linkonce.td.*)
 *(.rel.tbss .rel.tbss.* .rel.gnu.linkonce.tb.*)
 *(.rel.ctors)
 *(.rel.dtors)
 *(.rel.got)
 *(.rel.sharable_data .rel.sharable_data.* .rel.gnu.linkonce.shrd.*)
 *(.rel.sharable_bss .rel.sharable_bss.* .rel.gnu.linkonce.shrb.*)
 *(.rel.bss .rel.bss.* .rel.gnu.linkonce.b.*)
 *(.rel.ifunc)

.rel.plt        0x0000000008048094        0x0
 *(.rel.plt)
                0x0000000008048094                PROVIDE (__rel_iplt_start, .)
 *(.rel.iplt)
 .rel.iplt      0x0000000000000000        0x0 build/main.o
                0x0000000008048094                PROVIDE (__rel_iplt_end, .)

.init
 *(.init)

.plt            0x0000000008048094        0x0
 *(.plt)
 *(.iplt)
 .iplt          0x0000000000000000        0x0 build/main.o

.text           0x00000000c0001500     0x396c
 *(.text.unlikely .text.*_unlikely)
 *(.text .stub .text.* .gnu.linkonce.t.*)
 .text          0x00000000c0001500      0x184 build/main.o
                0x00000000c0001500                main
                0x00000000c00015b6                k_thread_a
                0x00000000c00015e9                k_thread_b
                0x00000000c000161c                u_prog_a
                0x00000000c0001650                u_prog_b
 .text          0x00000000c0001684       0x3c build/init.o
                0x00000000c0001684                init_all
 .text          0x00000000c00016c0      0x482 build/interrupt.o
                0x00000000c0001a35                intr_enable
                0x00000000c0001a5e                intr_disable
                0x00000000c0001a87                intr_set_status
                0x00000000c0001aa5                intr_get_status
                0x00000000c0001ac8                register_handler
                0x00000000c0001ae4                idt_init
 *fill*         0x00000000c0001b42        0x2 90909090
 .text          0x00000000c0001b44      0x195 build/timer.o
                0x00000000c0001c79                timer_init
 *fill*         0x00000000c0001cd9        0x7 90909090
 .text          0x00000000c0001ce0      0x672 build/kernel.o
                0x00000000c0001ce0                intr_exit
                0x00000000c0002328                syscall_handler
 *fill*         0x00000000c0002352        0xe 90909090
 .text          0x00000000c0002360      0x1a0 build/print.o
                0x00000000c0002360                put_str
                0x00000000c0002384                put_char
                0x00000000c000245b                put_int
                0x00000000c00024dc                set_cursor
 .text          0x00000000c0002500       0xa5 build/debug.o
                0x00000000c0002500                panic_spin
 *fill*         0x00000000c00025a5        0x3 90909090
 .text          0x00000000c00025a8      0x817 build/memory.o
                0x00000000c00026ce                pte_ptr
                0x00000000c00026ff                pde_ptr
                0x00000000c00028a0                malloc_page
                0x00000000c000296a                get_kernel_pages
                0x00000000c00029c6                get_user_pages
                0x00000000c0002a1c                get_a_page
                0x00000000c0002b98                addr_v2p
                0x00000000c0002d8a                mem_init
 *fill*         0x00000000c0002dbf        0x1 90909090
 .text          0x00000000c0002dc0      0x270 build/bitmap.o
                0x00000000c0002dc0                bitmap_init
                0x00000000c0002de7                bitmap_scan_test
                0x00000000c0002e29                bitmap_scan
                0x00000000c0002f77                bitmap_set
 .text          0x00000000c0003030      0x454 build/string.o
                0x00000000c0003030                memset
                0x00000000c000308c                memcpy
                0x00000000c00030f4                memcmp
                0x00000000c000318a                strcpy
                0x00000000c00031ed                strlen
                0x00000000c0003247                strcmp
                0x00000000c00032ce                strchr
                0x00000000c0003334                strrchr
                0x00000000c000339d                strcat
                0x00000000c0003417                strchrs
 .text          0x00000000c0003484      0x5e8 build/thread.o
                0x00000000c0003484                running_thread
                0x00000000c00034e6                thread_create
                0x00000000c000355c                init_thread
                0x00000000c0003603                thread_start
                0x00000000c000377e                schedule
                0x00000000c00038b1                thread_block
                0x00000000c0003918                thread_unblock
                0x00000000c0003a23                thread_init
 .text          0x00000000c0003a6c      0x1e4 build/list.o
                0x00000000c0003a6c                list_init
                0x00000000c0003a99                list_insert_before
                0x00000000c0003ada                list_push
                0x00000000c0003af7                list_append
                0x00000000c0003b14                list_remove
                0x00000000c0003b4a                list_pop
                0x00000000c0003b69                elem_find
                0x00000000c0003ba4                list_traversal
                0x00000000c0003c02                list_len
                0x00000000c0003c37                list_empty
 .text          0x00000000c0003c50       0x15 build/switch.o
                0x00000000c0003c50                switch_to
 *fill*         0x00000000c0003c65        0x3 90909090
 .text          0x00000000c0003c68       0x9a build/console.o
                0x00000000c0003c68                console_init
                0x00000000c0003c7c                console_acquire
                0x00000000c0003c90                console_release
                0x00000000c0003ca4                console_put_str
                0x00000000c0003cc1                console_put_char
                0x00000000c0003ce5                console_put_int
 *fill*         0x00000000c0003d02        0x2 90909090
 .text          0x00000000c0003d04      0x347 build/sync.o
                0x00000000c0003d04                sema_init
                0x00000000c0003d29                lock_init
                0x00000000c0003d5a                sema_down
                0x00000000c0003e6e                sema_up
                0x00000000c0003f24                lock_acquire
                0x00000000c0003fa0                lock_release
 *fill*         0x00000000c000404b        0x1 90909090
 .text          0x00000000c000404c      0x2ec build/keyboard.o
                0x00000000c00042f8                keyboard_init
 .text          0x00000000c0004338      0x2f1 build/ioqueue.o
                0x00000000c0004338                ioqueue_init
                0x00000000c0004395                ioq_full
                0x00000000c00043e6                ioq_empty
                0x00000000c00044cb                ioq_getchar
                0x00000000c0004579                ioq_putchar
 *fill*         0x00000000c0004629        0x3 90909090
 .text          0x00000000c000462c      0x1a9 build/tss.o
                0x00000000c000462c                update_tss_esp
                0x00000000c00046a7                tss_init
 *fill*         0x00000000c00047d5        0x3 90909090
 .text          0x00000000c00047d8      0x359 build/process.o
                0x00000000c00047d8                start_process
                0x00000000c00048de                page_dir_activate
                0x00000000c000490e                process_activate
                0x00000000c0004960                create_page_dir
                0x00000000c00049d1                create_user_vaddr_bitmap
                0x00000000c0004a15                process_execute
 *fill*         0x00000000c0004b31        0x3 90909090
 .text          0x00000000c0004b34       0x34 build/syscall.o
                0x00000000c0004b34                getpid
                0x00000000c0004b49                write
 .text          0x00000000c0004b68       0x64 build/syscall-init.o
                0x00000000c0004b68                sys_getpid
                0x00000000c0004b7a                sys_write
                0x00000000c0004b98                syscall_init
 .text          0x00000000c0004bcc      0x2a0 build/stdio.o
                0x00000000c0004c52                vsprintf
                0x00000000c0004dd6                sprintf
                0x00000000c0004e0a                printf
 *(.gnu.warning)

.fini
 *(.fini)
                0x00000000c0004e6c                PROVIDE (__etext, .)
                0x00000000c0004e6c                PROVIDE (_etext, .)
                0x00000000c0004e6c                PROVIDE (etext, .)

.rodata         0x00000000c0004e6c      0xd30
 *(.rodata .rodata.* .gnu.linkonce.r.*)
 .rodata        0x00000000c0004e6c       0xc0 build/main.o
 .rodata        0x00000000c0004f2c        0xa build/init.o
 *fill*         0x00000000c0004f36        0x2 00
 .rodata        0x00000000c0004f38      0x2cd build/interrupt.o
 *fill*         0x00000000c0005205        0x3 00
 .rodata        0x00000000c0005208       0x6b build/timer.o
 .rodata        0x00000000c0005273       0x3f build/debug.o
 *fill*         0x00000000c00052b2        0x2 00
 .rodata        0x00000000c00052b4      0x1d2 build/memory.o
 *fill*         0x00000000c0005486        0x2 00
 .rodata        0x00000000c0005488       0x68 build/bitmap.o
 .rodata        0x00000000c00054f0       0xb9 build/string.o
 *fill*         0x00000000c00055a9        0x3 00
 .rodata        0x00000000c00055ac      0x2be build/thread.o
 *fill*         0x00000000c000586a        0x2 00
 .rodata        0x00000000c000586c      0x12f build/sync.o
 .rodata        0x00000000c000599b       0x36 build/keyboard.o
 *fill*         0x00000000c00059d1        0x3 00
 .rodata        0x00000000c00059d4       0x9d build/ioqueue.o
 .rodata        0x00000000c0005a71       0x27 build/tss.o
 .rodata        0x00000000c0005a98       0xdd build/process.o
 .rodata        0x00000000c0005b75       0x27 build/syscall-init.o

.rodata1
 *(.rodata1)

.eh_frame_hdr
 *(.eh_frame_hdr)

.eh_frame
 *(.eh_frame)

.gcc_except_table
 *(.gcc_except_table .gcc_except_table.*)
                0x00000000c0005b9c                . = (ALIGN (0x1000) - ((0x1000 - .) & 0xfff))
                0x00000000c0006000                . = (0x1000 DATA_SEGMENT_ALIGN 0x1000)

.eh_frame
 *(.eh_frame)

.gcc_except_table
 *(.gcc_except_table .gcc_except_table.*)

.tdata
 *(.tdata .tdata.* .gnu.linkonce.td.*)

.tbss
 *(.tbss .tbss.* .gnu.linkonce.tb.*)
 *(.tcommon)

.preinit_array  0x00000000c0006000        0x0
                0x00000000c0006000                PROVIDE (__preinit_array_start, .)
 *(.preinit_array)
                0x00000000c0006000                PROVIDE (__preinit_array_end, .)

.init_array     0x00000000c0006000        0x0
                0x00000000c0006000                PROVIDE (__init_array_start, .)
 *(SORT(.init_array.*))
 *(.init_array)
                0x00000000c0006000                PROVIDE (__init_array_end, .)

.fini_array     0x00000000c0006000        0x0
                0x00000000c0006000                PROVIDE (__fini_array_start, .)
 *(.fini_array)
 *(SORT(.fini_array.*))
                0x00000000c0006000                PROVIDE (__fini_array_end, .)

.ctors
 *crtbegin.o(.ctors)
 *crtbegin?.o(.ctors)
 *(EXCLUDE_FILE(*crtend?.o *crtend.o) .ctors)
 *(SORT(.ctors.*))
 *(.ctors)

.dtors
 *crtbegin.o(.dtors)
 *crtbegin?.o(.dtors)
 *(EXCLUDE_FILE(*crtend?.o *crtend.o) .dtors)
 *(SORT(.dtors.*))
 *(.dtors)

.jcr
 *(.jcr)

.data.rel.ro
 *(.data.rel.ro.local* .gnu.linkonce.d.rel.ro.local.*)
 *(.data.rel.ro* .gnu.linkonce.d.rel.ro.*)

.dynamic
 *(.dynamic)

.got
 *(.got)
 *(.igot)
                0x00000000c0006000                . = (. DATA_SEGMENT_RELRO_END 0xc)

.got.plt        0x00000000c0006000        0x0
 *(.got.plt)
 *(.igot.plt)
 .igot.plt      0x0000000000000000        0x0 build/main.o

.data           0x00000000c0006000      0x158
 *(.data .data.* .gnu.linkonce.d.*)
 .data          0x00000000c0006000        0x0 build/main.o
 .data          0x00000000c0006000        0x0 build/init.o
 .data          0x00000000c0006000        0x0 build/interrupt.o
 .data          0x00000000c0006000        0x0 build/timer.o
 .data          0x00000000c0006000       0xc0 build/kernel.o
                0x00000000c0006000                intr_entry_table
 .data          0x00000000c00060c0        0x8 build/print.o
 .data          0x00000000c00060c8        0x0 build/debug.o
 .data          0x00000000c00060c8        0x0 build/memory.o
 .data          0x00000000c00060c8        0x0 build/bitmap.o
 .data          0x00000000c00060c8        0x0 build/string.o
 .data          0x00000000c00060c8        0x0 build/thread.o
 .data          0x00000000c00060c8        0x0 build/list.o
 .data          0x00000000c00060c8        0x0 build/console.o
 .data          0x00000000c00060c8        0x0 build/sync.o
 *fill*         0x00000000c00060c8       0x18 00
 .data          0x00000000c00060e0       0x76 build/keyboard.o
 *fill*         0x00000000c0006156        0x2 00
 .data          0x00000000c0006158        0x0 build/ioqueue.o
 .data          0x00000000c0006158        0x0 build/tss.o
 .data          0x00000000c0006158        0x0 build/process.o
 .data          0x00000000c0006158        0x0 build/syscall.o
 .data          0x00000000c0006158        0x0 build/syscall-init.o
 .data          0x00000000c0006158        0x0 build/stdio.o

.data1
 *(.data1)

.sharable_data  0x00000000c0007000        0x0
                0x00000000c0007000                PROVIDE (__sharable_data_start, .)
 *(.sharable_data .sharable_data.* .gnu.linkonce.shrd.*)
                0x00000000c0007000                . = ALIGN ((. != 0x0)?0x1000:0x1)
                0x00000000c0007000                PROVIDE (__sharable_data_end, .)
                0x00000000c0007000                _edata = .
                0x00000000c0007000                PROVIDE (edata, .)
                0x00000000c0007000                __bss_start = .

.bss            0x00000000c0006160      0xac0
 *(.dynbss)
 *(.bss .bss.* .gnu.linkonce.b.*)
 .bss           0x00000000c0006160        0x0 build/main.o
 .bss           0x00000000c0006160        0x0 build/init.o
 .bss           0x00000000c0006160      0x408 build/interrupt.o
 .bss           0x00000000c0006568        0x0 build/timer.o
 .bss           0x00000000c0006568        0x0 build/debug.o
 .bss           0x00000000c0006568        0x0 build/memory.o
 .bss           0x00000000c0006568        0x0 build/bitmap.o
 .bss           0x00000000c0006568        0x0 build/string.o
 .bss           0x00000000c0006568        0x6 build/thread.o
 *fill*         0x00000000c000656e        0x2 00
 .bss           0x00000000c0006570        0x0 build/list.o
 .bss           0x00000000c0006570       0x1c build/console.o
 .bss           0x00000000c000658c        0x0 build/sync.o
 .bss           0x00000000c000658c       0x14 build/keyboard.o
 .bss           0x00000000c00065a0        0x0 build/ioqueue.o
 .bss           0x00000000c00065a0       0x6c build/tss.o
 .bss           0x00000000c000660c        0x0 build/process.o
 .bss           0x00000000c000660c        0x0 build/syscall.o
 .bss           0x00000000c000660c        0x0 build/syscall-init.o
 .bss           0x00000000c000660c        0x0 build/stdio.o
 *(COMMON)
 *fill*         0x00000000c000660c       0x14 00
 COMMON         0x00000000c0006620      0x424 build/interrupt.o
                0x00000000c0006620                intr_name
                0x00000000c0006840                idt_table
 COMMON         0x00000000c0006a44        0x4 build/timer.o
                0x00000000c0006a44                ticks
 *fill*         0x00000000c0006a48       0x18 00
 COMMON         0x00000000c0006a60       0x6c build/memory.o
                0x00000000c0006a60                user_pool
                0x00000000c0006a8c                kernel_vaddr
                0x00000000c0006aa0                kernel_pool
 COMMON         0x00000000c0006acc       0x40 build/thread.o
                0x00000000c0006acc                thread_ready_list
                0x00000000c0006adc                thread_all_list
                0x00000000c0006aec                main_thread
                0x00000000c0006af0                pid_lock
 *fill*         0x00000000c0006b0c       0x14 00
 COMMON         0x00000000c0006b20       0x6c build/keyboard.o
                0x00000000c0006b20                kbd_buf
 *fill*         0x00000000c0006b8c       0x14 00
 COMMON         0x00000000c0006ba0       0x80 build/syscall-init.o
                0x00000000c0006ba0                syscall_table
                0x00000000c0006c20                . = ALIGN ((. != 0x0)?0x4:0x1)

.sharable_bss   0x00000000c0007000        0x0
                0x00000000c0007000                PROVIDE (__sharable_bss_start, .)
 *(.dynsharablebss)
 *(.sharable_bss .sharable_bss.* .gnu.linkonce.shrb.*)
 *(SHARABLE_COMMON)
                0x00000000c0007000                . = ALIGN ((. != 0x0)?0x1000:0x1)
                0x00000000c0007000                PROVIDE (__sharable_bss_end, .)
                0x00000000c0007000                . = ALIGN (0x4)
                0x00000000c0007000                . = ALIGN (0x4)
                0x00000000c0007000                _end = .
                0x00000000c0007000                PROVIDE (end, .)
                0x00000000c0007000                . = DATA_SEGMENT_END (.)

.stab
 *(.stab)

.stabstr
 *(.stabstr)

.stab.excl
 *(.stab.excl)

.stab.exclstr
 *(.stab.exclstr)

.stab.index
 *(.stab.index)

.stab.indexstr
 *(.stab.indexstr)

.comment        0x0000000000000000       0x2d
 *(.comment)
 .comment       0x0000000000000000       0x2d build/main.o
                                         0x2e (size before relaxing)
 .comment       0x0000000000000000       0x2e build/init.o
 .comment       0x0000000000000000       0x2e build/interrupt.o
 .comment       0x0000000000000000       0x2e build/timer.o
 .comment       0x0000000000000000       0x2e build/debug.o
 .comment       0x0000000000000000       0x2e build/memory.o
 .comment       0x0000000000000000       0x2e build/bitmap.o
 .comment       0x0000000000000000       0x2e build/string.o
 .comment       0x0000000000000000       0x2e build/thread.o
 .comment       0x0000000000000000       0x2e build/list.o
 .comment       0x0000000000000000       0x2e build/console.o
 .comment       0x0000000000000000       0x2e build/sync.o
 .comment       0x0000000000000000       0x2e build/keyboard.o
 .comment       0x0000000000000000       0x2e build/ioqueue.o
 .comment       0x0000000000000000       0x2e build/tss.o
 .comment       0x0000000000000000       0x2e build/process.o
 .comment       0x0000000000000000       0x2e build/syscall.o
 .comment       0x0000000000000000       0x2e build/syscall-init.o
 .comment       0x0000000000000000       0x2e build/stdio.o

.debug
 *(.debug)

.line
 *(.line)

.debug_srcinfo
 *(.debug_srcinfo)

.debug_sfnames
 *(.debug_sfnames)

.debug_aranges
 *(.debug_aranges)

.debug_pubnames
 *(.debug_pubnames)

.debug_info
 *(.debug_info .gnu.linkonce.wi.*)

.debug_abbrev
 *(.debug_abbrev)

.debug_line
 *(.debug_line)

.debug_frame
 *(.debug_frame)

.debug_str
 *(.debug_str)

.debug_loc
 *(.debug_loc)

.debug_macinfo
 *(.debug_macinfo)

.debug_weaknames
 *(.debug_weaknames)

.debug_funcnames
 *(.debug_funcnames)

.debug_typenames
 *(.debug_typenames)

.debug_varnames
 *(.debug_varnames)

.debug_pubtypes
 *(.debug_pubtypes)

.debug_ranges
 *(.debug_ranges)

.gnu.attributes
 *(.gnu.attributes)

/DISCARD/
 *(.note.GNU-stack)
 *(.gnu_debuglink)
 *(.gnu.lto_*)
OUTPUT(build/kernel.bin elf32-i386)
