
Allocating common symbols
Common symbol       size              file

kbd_buf             0x6c              build/keyboard.o
root_dir            0x208             build/dir.o
thread_ready_list   0x10              build/thread.o
thread_all_list     0x10              build/thread.o
user_pool           0x2c              build/memory.o
channel_cnt         0x1               build/ide.o
cur_part            0x4               build/fs.o
k_block_descs       0xa8              build/memory.o
idle_thread         0x4               build/thread.o
intr_name           0x204             build/interrupt.o
main_thread         0x4               build/thread.o
channels            0xcc0             build/ide.o
ticks               0x4               build/timer.o
kernel_vaddr        0xc               build/memory.o
syscall_table       0x80              build/syscall-init.o
idt_table           0x204             build/interrupt.o
file_table          0x180             build/file.o
partition_list      0x10              build/ide.o
kernel_pool         0x2c              build/memory.o
pid_lock            0x1c              build/thread.o

Discarded input sections

 .note.GNU-stack
                0x0000000000000000        0x0 build/main.o
 .note.GNU-stack
                0x0000000000000000        0x0 build/init.o
 .note.GNU-stack
                0x0000000000000000        0x0 build/interrupt.o
 .note.GNU-stack
                0x0000000000000000        0x0 build/timer.o
 .note.GNU-stack
                0x0000000000000000        0x0 build/debug.o
 .note.GNU-stack
                0x0000000000000000        0x0 build/memory.o
 .note.GNU-stack
                0x0000000000000000        0x0 build/bitmap.o
 .note.GNU-stack
                0x0000000000000000        0x0 build/string.o
 .note.GNU-stack
                0x0000000000000000        0x0 build/thread.o
 .note.GNU-stack
                0x0000000000000000        0x0 build/list.o
 .note.GNU-stack
                0x0000000000000000        0x0 build/console.o
 .note.GNU-stack
                0x0000000000000000        0x0 build/sync.o
 .note.GNU-stack
                0x0000000000000000        0x0 build/keyboard.o
 .note.GNU-stack
                0x0000000000000000        0x0 build/ioqueue.o
 .note.GNU-stack
                0x0000000000000000        0x0 build/tss.o
 .note.GNU-stack
                0x0000000000000000        0x0 build/process.o
 .note.GNU-stack
                0x0000000000000000        0x0 build/syscall.o
 .note.GNU-stack
                0x0000000000000000        0x0 build/syscall-init.o
 .note.GNU-stack
                0x0000000000000000        0x0 build/stdio.o
 .note.GNU-stack
                0x0000000000000000        0x0 build/ide.o
 .note.GNU-stack
                0x0000000000000000        0x0 build/stdio-kernel.o
 .note.GNU-stack
                0x0000000000000000        0x0 build/fs.o
 .note.GNU-stack
                0x0000000000000000        0x0 build/inode.o
 .note.GNU-stack
                0x0000000000000000        0x0 build/file.o
 .note.GNU-stack
                0x0000000000000000        0x0 build/dir.o

Memory Configuration

Name             Origin             Length             Attributes
*default*        0x0000000000000000 0xffffffffffffffff

Linker script and memory map

Address of section .text set to 0xc0001500
LOAD build/main.o
LOAD build/init.o
LOAD build/interrupt.o
LOAD build/timer.o
LOAD build/kernel.o
LOAD build/print.o
LOAD build/debug.o
LOAD build/memory.o
LOAD build/bitmap.o
LOAD build/string.o
LOAD build/thread.o
LOAD build/list.o
LOAD build/switch.o
LOAD build/console.o
LOAD build/sync.o
LOAD build/keyboard.o
LOAD build/ioqueue.o
LOAD build/tss.o
LOAD build/process.o
LOAD build/syscall.o
LOAD build/syscall-init.o
LOAD build/stdio.o
LOAD build/ide.o
LOAD build/stdio-kernel.o
LOAD build/fs.o
LOAD build/inode.o
LOAD build/file.o
LOAD build/dir.o
                0x0000000008048000                PROVIDE (__executable_start, 0x8048000)
                0x0000000008048094                . = (0x8048000 + SIZEOF_HEADERS)

.interp
 *(.interp)

.note.gnu.build-id
 *(.note.gnu.build-id)

.hash
 *(.hash)

.gnu.hash
 *(.gnu.hash)

.dynsym
 *(.dynsym)

.dynstr
 *(.dynstr)

.gnu.version
 *(.gnu.version)

.gnu.version_d
 *(.gnu.version_d)

.gnu.version_r
 *(.gnu.version_r)

.rel.dyn        0x0000000008048094        0x0
 *(.rel.init)
 *(.rel.text .rel.text.* .rel.gnu.linkonce.t.*)
 .rel.text      0x0000000000000000        0x0 build/main.o
 *(.rel.fini)
 *(.rel.rodata .rel.rodata.* .rel.gnu.linkonce.r.*)
 *(.rel.data.rel.ro* .rel.gnu.linkonce.d.rel.ro.*)
 *(.rel.data .rel.data.* .rel.gnu.linkonce.d.*)
 *(.rel.tdata .rel.tdata.* .rel.gnu.linkonce.td.*)
 *(.rel.tbss .rel.tbss.* .rel.gnu.linkonce.tb.*)
 *(.rel.ctors)
 *(.rel.dtors)
 *(.rel.got)
 *(.rel.sharable_data .rel.sharable_data.* .rel.gnu.linkonce.shrd.*)
 *(.rel.sharable_bss .rel.sharable_bss.* .rel.gnu.linkonce.shrb.*)
 *(.rel.bss .rel.bss.* .rel.gnu.linkonce.b.*)
 *(.rel.ifunc)

.rel.plt        0x0000000008048094        0x0
 *(.rel.plt)
                0x0000000008048094                PROVIDE (__rel_iplt_start, .)
 *(.rel.iplt)
 .rel.iplt      0x0000000000000000        0x0 build/main.o
                0x0000000008048094                PROVIDE (__rel_iplt_end, .)

.init
 *(.init)

.plt            0x0000000008048094        0x0
 *(.plt)
 *(.iplt)
 .iplt          0x0000000000000000        0x0 build/main.o

.text           0x00000000c0001500     0x9e6f
 *(.text.unlikely .text.*_unlikely)
 *(.text .stub .text.* .gnu.linkonce.t.*)
 .text          0x00000000c0001500      0x342 build/main.o
                0x00000000c0001500                main
                0x00000000c00015ae                k_thread_a
                0x00000000c000166b                k_thread_b
                0x00000000c0001728                u_prog_a
                0x00000000c00017b5                u_prog_b
 *fill*         0x00000000c0001842        0x2 90909090
 .text          0x00000000c0001844       0x4b build/init.o
                0x00000000c0001844                init_all
 *fill*         0x00000000c000188f        0x1 90909090
 .text          0x00000000c0001890      0x482 build/interrupt.o
                0x00000000c0001c05                intr_enable
                0x00000000c0001c2e                intr_disable
                0x00000000c0001c57                intr_set_status
                0x00000000c0001c75                intr_get_status
                0x00000000c0001c98                register_handler
                0x00000000c0001cb4                idt_init
 *fill*         0x00000000c0001d12        0x2 90909090
 .text          0x00000000c0001d14      0x214 build/timer.o
                0x00000000c0001e70                mtime_sleep
                0x00000000c0001ec8                timer_init
 *fill*         0x00000000c0001f28        0x8 90909090
 .text          0x00000000c0001f30      0x672 build/kernel.o
                0x00000000c0001f30                intr_exit
                0x00000000c0002578                syscall_handler
 *fill*         0x00000000c00025a2        0xe 90909090
 .text          0x00000000c00025b0      0x1a0 build/print.o
                0x00000000c00025b0                put_str
                0x00000000c00025d4                put_char
                0x00000000c00026ab                put_int
                0x00000000c000272c                set_cursor
 .text          0x00000000c0002750       0xa5 build/debug.o
                0x00000000c0002750                panic_spin
 *fill*         0x00000000c00027f5        0x3 90909090
 .text          0x00000000c00027f8     0x110a build/memory.o
                0x00000000c000291e                pte_ptr
                0x00000000c000294f                pde_ptr
                0x00000000c0002af0                malloc_page
                0x00000000c0002bba                get_kernel_pages
                0x00000000c0002c16                get_user_pages
                0x00000000c0002c72                get_a_page
                0x00000000c0002dfc                addr_v2p
                0x00000000c0002e52                sys_malloc
                0x00000000c0003162                pfree
                0x00000000c00032aa                mfree_page
                0x00000000c000347f                sys_free
                0x00000000c0003844                block_desc_init
                0x00000000c00038c1                mem_init
 *fill*         0x00000000c0003902        0x2 90909090
 .text          0x00000000c0003904      0x270 build/bitmap.o
                0x00000000c0003904                bitmap_init
                0x00000000c000392b                bitmap_scan_test
                0x00000000c000396d                bitmap_scan
                0x00000000c0003abb                bitmap_set
 .text          0x00000000c0003b74      0x454 build/string.o
                0x00000000c0003b74                memset
                0x00000000c0003bd0                memcpy
                0x00000000c0003c38                memcmp
                0x00000000c0003cce                strcpy
                0x00000000c0003d31                strlen
                0x00000000c0003d8b                strcmp
                0x00000000c0003e12                strchr
                0x00000000c0003e78                strrchr
                0x00000000c0003ee1                strcat
                0x00000000c0003f5b                strchrs
 .text          0x00000000c0003fc8      0x723 build/thread.o
                0x00000000c0003fde                running_thread
                0x00000000c0004040                thread_create
                0x00000000c00040b6                init_thread
                0x00000000c00041b6                thread_start
                0x00000000c0004331                schedule
                0x00000000c0004481                thread_block
                0x00000000c00044e8                thread_unblock
                0x00000000c00045f3                thread_yield
                0x00000000c0004679                thread_init
 *fill*         0x00000000c00046eb        0x1 90909090
 .text          0x00000000c00046ec      0x1e4 build/list.o
                0x00000000c00046ec                list_init
                0x00000000c0004719                list_insert_before
                0x00000000c000475a                list_push
                0x00000000c0004777                list_append
                0x00000000c0004794                list_remove
                0x00000000c00047ca                list_pop
                0x00000000c00047e9                elem_find
                0x00000000c0004824                list_traversal
                0x00000000c0004882                list_len
                0x00000000c00048b7                list_empty
 .text          0x00000000c00048d0       0x15 build/switch.o
                0x00000000c00048d0                switch_to
 *fill*         0x00000000c00048e5        0x3 90909090
 .text          0x00000000c00048e8       0x9a build/console.o
                0x00000000c00048e8                console_init
                0x00000000c00048fc                console_acquire
                0x00000000c0004910                console_release
                0x00000000c0004924                console_put_str
                0x00000000c0004941                console_put_char
                0x00000000c0004965                console_put_int
 *fill*         0x00000000c0004982        0x2 90909090
 .text          0x00000000c0004984      0x347 build/sync.o
                0x00000000c0004984                sema_init
                0x00000000c00049a9                lock_init
                0x00000000c00049da                sema_down
                0x00000000c0004aee                sema_up
                0x00000000c0004ba4                lock_acquire
                0x00000000c0004c20                lock_release
 *fill*         0x00000000c0004ccb        0x1 90909090
 .text          0x00000000c0004ccc      0x2ec build/keyboard.o
                0x00000000c0004f78                keyboard_init
 .text          0x00000000c0004fb8      0x2f1 build/ioqueue.o
                0x00000000c0004fb8                ioqueue_init
                0x00000000c0005015                ioq_full
                0x00000000c000514b                ioq_getchar
                0x00000000c00051f9                ioq_putchar
 *fill*         0x00000000c00052a9        0x3 90909090
 .text          0x00000000c00052ac      0x1a9 build/tss.o
                0x00000000c00052ac                update_tss_esp
                0x00000000c0005327                tss_init
 *fill*         0x00000000c0005455        0x3 90909090
 .text          0x00000000c0005458      0x367 build/process.o
                0x00000000c0005458                start_process
                0x00000000c000555e                page_dir_activate
                0x00000000c000558e                process_activate
                0x00000000c00055e0                create_page_dir
                0x00000000c0005651                create_user_vaddr_bitmap
                0x00000000c0005695                process_execute
 *fill*         0x00000000c00057bf        0x1 90909090
 .text          0x00000000c00057c0       0x73 build/syscall.o
                0x00000000c00057c0                getpid
                0x00000000c00057d5                write
                0x00000000c00057f8                malloc
                0x00000000c0005817                free
 *fill*         0x00000000c0005833        0x1 90909090
 .text          0x00000000c0005834       0x5a build/syscall-init.o
                0x00000000c0005834                sys_getpid
                0x00000000c0005846                syscall_init
 *fill*         0x00000000c000588e        0x2 90909090
 .text          0x00000000c0005890      0x2ba build/stdio.o
                0x00000000c0005916                vsprintf
                0x00000000c0005a9a                sprintf
                0x00000000c0005ace                printf
 *fill*         0x00000000c0005b4a        0x2 90909090
 .text          0x00000000c0005b4c      0xdfc build/ide.o
                0x00000000c0005e66                ide_read
                0x00000000c0005ff8                ide_write
                0x00000000c0006689                intr_hd_handler
                0x00000000c000674a                ide_init
 .text          0x00000000c0006948       0x62 build/stdio-kernel.o
                0x00000000c0006948                printk
 *fill*         0x00000000c00069aa        0x2 90909090
 .text          0x00000000c00069ac     0x20f1 build/fs.o
                0x00000000c000710c                path_depth_cnt
                0x00000000c0007434                sys_open
                0x00000000c00076dd                sys_close
                0x00000000c0007732                sys_write
                0x00000000c000781c                sys_read
                0x00000000c000789d                sys_lseek
                0x00000000c0007985                sys_unlink
                0x00000000c0007ba6                sys_mkdir
                0x00000000c0007fd3                sys_opendir
                0x00000000c00080eb                sys_closedir
                0x00000000c0008115                sys_readdir
                0x00000000c0008152                sys_rewinddir
                0x00000000c0008161                sys_rmdir
                0x00000000c000850b                sys_getcwd
                0x00000000c00086f8                sys_chdir
                0x00000000c0008786                sys_stat
                0x00000000c00088ad                filesys_init
 *fill*         0x00000000c0008a9d        0x3 90909090
 .text          0x00000000c0008aa0      0x80f build/inode.o
                0x00000000c0008b44                inode_sync
                0x00000000c0008cb5                inode_open
                0x00000000c0008e0e                inode_close
                0x00000000c0008e7f                inode_delete
                0x00000000c0008fe1                inode_release
                0x00000000c0009260                inode_init
 *fill*         0x00000000c00092af        0x1 90909090
 .text          0x00000000c00092b0     0x11aa build/file.o
                0x00000000c00092b0                get_free_slot_in_global
                0x00000000c0009300                pcb_fd_install
                0x00000000c0009363                inode_bitmap_alloc
                0x00000000c00093b1                block_bitmap_alloc
                0x00000000c000940b                bitmap_sync
                0x00000000c0009496                file_create
                0x00000000c0009765                file_open
                0x00000000c000986e                file_close
                0x00000000c00098ad                file_write
                0x00000000c000a081                file_read
 *fill*         0x00000000c000a45a        0x2 90909090
 .text          0x00000000c000a45c      0xf13 build/dir.o
                0x00000000c000a45c                open_root_dir
                0x00000000c000a48b                dir_open
                0x00000000c000a4c6                search_dir_entry
                0x00000000c000a696                dir_close
                0x00000000c000a6c2                create_dir_entry
                0x00000000c000a738                sync_dir_entry
                0x00000000c000aba8                delete_dir_entry
                0x00000000c000b06f                dir_read
                0x00000000c000b27b                dir_is_empty
                0x00000000c000b2a6                dir_remove
 *(.gnu.warning)

.fini
 *(.fini)
                0x00000000c000b36f                PROVIDE (__etext, .)
                0x00000000c000b36f                PROVIDE (_etext, .)
                0x00000000c000b36f                PROVIDE (etext, .)

.rodata         0x00000000c000b370     0x20f3
 *(.rodata .rodata.* .gnu.linkonce.r.*)
 .rodata        0x00000000c000b370      0x10c build/main.o
 .rodata        0x00000000c000b47c        0xa build/init.o
 *fill*         0x00000000c000b486        0x2 00
 .rodata        0x00000000c000b488      0x2cd build/interrupt.o
 *fill*         0x00000000c000b755        0x3 00
 .rodata        0x00000000c000b758       0x87 build/timer.o
 .rodata        0x00000000c000b7df       0x3f build/debug.o
 *fill*         0x00000000c000b81e        0x2 00
 .rodata        0x00000000c000b820      0x3b5 build/memory.o
 *fill*         0x00000000c000bbd5        0x3 00
 .rodata        0x00000000c000bbd8       0x68 build/bitmap.o
 .rodata        0x00000000c000bc40       0xb9 build/string.o
 *fill*         0x00000000c000bcf9        0x3 00
 .rodata        0x00000000c000bcfc      0x2d0 build/thread.o
 .rodata        0x00000000c000bfcc      0x12f build/sync.o
 .rodata        0x00000000c000c0fb       0x36 build/keyboard.o
 *fill*         0x00000000c000c131        0x3 00
 .rodata        0x00000000c000c134       0x9d build/ioqueue.o
 .rodata        0x00000000c000c1d1       0x27 build/tss.o
 .rodata        0x00000000c000c1f8       0xdd build/process.o
 .rodata        0x00000000c000c2d5       0x27 build/syscall-init.o
 .rodata        0x00000000c000c2fc      0x1ef build/ide.o
 *fill*         0x00000000c000c4eb        0x1 00
 .rodata        0x00000000c000c4ec      0x89a build/fs.o
 *fill*         0x00000000c000cd86        0x2 00
 .rodata        0x00000000c000cd88       0xbb build/inode.o
 *fill*         0x00000000c000ce43        0x1 00
 .rodata        0x00000000c000ce44      0x41c build/file.o
 .rodata        0x00000000c000d260      0x203 build/dir.o

.rodata1
 *(.rodata1)

.eh_frame_hdr
 *(.eh_frame_hdr)

.eh_frame
 *(.eh_frame)

.gcc_except_table
 *(.gcc_except_table .gcc_except_table.*)
                0x00000000c000d463                . = (ALIGN (0x1000) - ((0x1000 - .) & 0xfff))
                0x00000000c000e000                . = (0x1000 DATA_SEGMENT_ALIGN 0x1000)

.eh_frame
 *(.eh_frame)

.gcc_except_table
 *(.gcc_except_table .gcc_except_table.*)

.tdata
 *(.tdata .tdata.* .gnu.linkonce.td.*)

.tbss
 *(.tbss .tbss.* .gnu.linkonce.tb.*)
 *(.tcommon)

.preinit_array  0x00000000c000e000        0x0
                0x00000000c000e000                PROVIDE (__preinit_array_start, .)
 *(.preinit_array)
                0x00000000c000e000                PROVIDE (__preinit_array_end, .)

.init_array     0x00000000c000e000        0x0
                0x00000000c000e000                PROVIDE (__init_array_start, .)
 *(SORT(.init_array.*))
 *(.init_array)
                0x00000000c000e000                PROVIDE (__init_array_end, .)

.fini_array     0x00000000c000e000        0x0
                0x00000000c000e000                PROVIDE (__fini_array_start, .)
 *(.fini_array)
 *(SORT(.fini_array.*))
                0x00000000c000e000                PROVIDE (__fini_array_end, .)

.ctors
 *crtbegin.o(.ctors)
 *crtbegin?.o(.ctors)
 *(EXCLUDE_FILE(*crtend?.o *crtend.o) .ctors)
 *(SORT(.ctors.*))
 *(.ctors)

.dtors
 *crtbegin.o(.dtors)
 *crtbegin?.o(.dtors)
 *(EXCLUDE_FILE(*crtend?.o *crtend.o) .dtors)
 *(SORT(.dtors.*))
 *(.dtors)

.jcr
 *(.jcr)

.data.rel.ro
 *(.data.rel.ro.local* .gnu.linkonce.d.rel.ro.local.*)
 *(.data.rel.ro* .gnu.linkonce.d.rel.ro.*)

.dynamic
 *(.dynamic)

.got
 *(.got)
 *(.igot)
                0x00000000c000e000                . = (. DATA_SEGMENT_RELRO_END 0xc)

.got.plt        0x00000000c000e000        0x0
 *(.got.plt)
 *(.igot.plt)
 .igot.plt      0x0000000000000000        0x0 build/main.o

.data           0x00000000c000e000      0x158
 *(.data .data.* .gnu.linkonce.d.*)
 .data          0x00000000c000e000        0x0 build/main.o
 .data          0x00000000c000e000        0x0 build/init.o
 .data          0x00000000c000e000        0x0 build/interrupt.o
 .data          0x00000000c000e000        0x0 build/timer.o
 .data          0x00000000c000e000       0xc0 build/kernel.o
                0x00000000c000e000                intr_entry_table
 .data          0x00000000c000e0c0        0x8 build/print.o
 .data          0x00000000c000e0c8        0x0 build/debug.o
 .data          0x00000000c000e0c8        0x0 build/memory.o
 .data          0x00000000c000e0c8        0x0 build/bitmap.o
 .data          0x00000000c000e0c8        0x0 build/string.o
 .data          0x00000000c000e0c8        0x0 build/thread.o
 .data          0x00000000c000e0c8        0x0 build/list.o
 .data          0x00000000c000e0c8        0x0 build/console.o
 .data          0x00000000c000e0c8        0x0 build/sync.o
 *fill*         0x00000000c000e0c8       0x18 00
 .data          0x00000000c000e0e0       0x76 build/keyboard.o
 *fill*         0x00000000c000e156        0x2 00
 .data          0x00000000c000e158        0x0 build/ioqueue.o
 .data          0x00000000c000e158        0x0 build/tss.o
 .data          0x00000000c000e158        0x0 build/process.o
 .data          0x00000000c000e158        0x0 build/syscall.o
 .data          0x00000000c000e158        0x0 build/syscall-init.o
 .data          0x00000000c000e158        0x0 build/stdio.o
 .data          0x00000000c000e158        0x0 build/ide.o
 .data          0x00000000c000e158        0x0 build/stdio-kernel.o
 .data          0x00000000c000e158        0x0 build/fs.o
 .data          0x00000000c000e158        0x0 build/inode.o
 .data          0x00000000c000e158        0x0 build/file.o
 .data          0x00000000c000e158        0x0 build/dir.o

.data1
 *(.data1)

.sharable_data  0x00000000c000f000        0x0
                0x00000000c000f000                PROVIDE (__sharable_data_start, .)
 *(.sharable_data .sharable_data.* .gnu.linkonce.shrd.*)
                0x00000000c000f000                . = ALIGN ((. != 0x0)?0x1000:0x1)
                0x00000000c000f000                PROVIDE (__sharable_data_end, .)
                0x00000000c000f000                _edata = .
                0x00000000c000f000                PROVIDE (edata, .)
                0x00000000c000f000                __bss_start = .

.bss            0x00000000c000e160     0x1c08
 *(.dynbss)
 *(.bss .bss.* .gnu.linkonce.b.*)
 .bss           0x00000000c000e160        0x0 build/main.o
 .bss           0x00000000c000e160        0x0 build/init.o
 .bss           0x00000000c000e160      0x408 build/interrupt.o
 .bss           0x00000000c000e568        0x0 build/timer.o
 .bss           0x00000000c000e568        0x0 build/debug.o
 .bss           0x00000000c000e568        0x0 build/memory.o
 .bss           0x00000000c000e568        0x0 build/bitmap.o
 .bss           0x00000000c000e568        0x0 build/string.o
 .bss           0x00000000c000e568        0x6 build/thread.o
 *fill*         0x00000000c000e56e        0x2 00
 .bss           0x00000000c000e570        0x0 build/list.o
 .bss           0x00000000c000e570       0x1c build/console.o
 .bss           0x00000000c000e58c        0x0 build/sync.o
 .bss           0x00000000c000e58c       0x14 build/keyboard.o
 .bss           0x00000000c000e5a0        0x0 build/ioqueue.o
 .bss           0x00000000c000e5a0       0x6c build/tss.o
 .bss           0x00000000c000e60c        0x0 build/process.o
 .bss           0x00000000c000e60c        0x0 build/syscall.o
 .bss           0x00000000c000e60c        0x0 build/syscall-init.o
 .bss           0x00000000c000e60c        0x0 build/stdio.o
 .bss           0x00000000c000e60c        0x6 build/ide.o
                0x00000000c000e60c                ext_lba_base
                0x00000000c000e610                p_no
                0x00000000c000e611                l_no
 *fill*         0x00000000c000e612        0x2 00
 .bss           0x00000000c000e614        0x0 build/stdio-kernel.o
 .bss           0x00000000c000e614        0x0 build/fs.o
 .bss           0x00000000c000e614        0x0 build/inode.o
 .bss           0x00000000c000e614        0x0 build/file.o
 .bss           0x00000000c000e614        0x0 build/dir.o
 *(COMMON)
 *fill*         0x00000000c000e614        0xc 00
 COMMON         0x00000000c000e620      0x424 build/interrupt.o
                0x00000000c000e620                intr_name
                0x00000000c000e840                idt_table
 COMMON         0x00000000c000ea44        0x4 build/timer.o
                0x00000000c000ea44                ticks
 *fill*         0x00000000c000ea48       0x18 00
 COMMON         0x00000000c000ea60      0x12c build/memory.o
                0x00000000c000ea60                user_pool
                0x00000000c000eaa0                k_block_descs
                0x00000000c000eb48                kernel_vaddr
                0x00000000c000eb60                kernel_pool
 COMMON         0x00000000c000eb8c       0x44 build/thread.o
                0x00000000c000eb8c                thread_ready_list
                0x00000000c000eb9c                thread_all_list
                0x00000000c000ebac                idle_thread
                0x00000000c000ebb0                main_thread
                0x00000000c000ebb4                pid_lock
 *fill*         0x00000000c000ebd0       0x10 00
 COMMON         0x00000000c000ebe0       0x6c build/keyboard.o
                0x00000000c000ebe0                kbd_buf
 *fill*         0x00000000c000ec4c       0x14 00
 COMMON         0x00000000c000ec60       0x80 build/syscall-init.o
                0x00000000c000ec60                syscall_table
 COMMON         0x00000000c000ece0      0xcf0 build/ide.o
                0x00000000c000ece0                channel_cnt
                0x00000000c000ed00                channels
                0x00000000c000f9c0                partition_list
 COMMON         0x00000000c000f9d0        0x4 build/fs.o
                0x00000000c000f9d0                cur_part
 *fill*         0x00000000c000f9d4        0xc 00
 COMMON         0x00000000c000f9e0      0x180 build/file.o
                0x00000000c000f9e0                file_table
 COMMON         0x00000000c000fb60      0x208 build/dir.o
                0x00000000c000fb60                root_dir
                0x00000000c000fd68                . = ALIGN ((. != 0x0)?0x4:0x1)

.sharable_bss   0x00000000c0010000        0x0
                0x00000000c0010000                PROVIDE (__sharable_bss_start, .)
 *(.dynsharablebss)
 *(.sharable_bss .sharable_bss.* .gnu.linkonce.shrb.*)
 *(SHARABLE_COMMON)
                0x00000000c0010000                . = ALIGN ((. != 0x0)?0x1000:0x1)
                0x00000000c0010000                PROVIDE (__sharable_bss_end, .)
                0x00000000c0010000                . = ALIGN (0x4)
                0x00000000c0010000                . = ALIGN (0x4)
                0x00000000c0010000                _end = .
                0x00000000c0010000                PROVIDE (end, .)
                0x00000000c0010000                . = DATA_SEGMENT_END (.)

.stab
 *(.stab)

.stabstr
 *(.stabstr)

.stab.excl
 *(.stab.excl)

.stab.exclstr
 *(.stab.exclstr)

.stab.index
 *(.stab.index)

.stab.indexstr
 *(.stab.indexstr)

.comment        0x0000000000000000       0x2d
 *(.comment)
 .comment       0x0000000000000000       0x2d build/main.o
                                         0x2e (size before relaxing)
 .comment       0x0000000000000000       0x2e build/init.o
 .comment       0x0000000000000000       0x2e build/interrupt.o
 .comment       0x0000000000000000       0x2e build/timer.o
 .comment       0x0000000000000000       0x2e build/debug.o
 .comment       0x0000000000000000       0x2e build/memory.o
 .comment       0x0000000000000000       0x2e build/bitmap.o
 .comment       0x0000000000000000       0x2e build/string.o
 .comment       0x0000000000000000       0x2e build/thread.o
 .comment       0x0000000000000000       0x2e build/list.o
 .comment       0x0000000000000000       0x2e build/console.o
 .comment       0x0000000000000000       0x2e build/sync.o
 .comment       0x0000000000000000       0x2e build/keyboard.o
 .comment       0x0000000000000000       0x2e build/ioqueue.o
 .comment       0x0000000000000000       0x2e build/tss.o
 .comment       0x0000000000000000       0x2e build/process.o
 .comment       0x0000000000000000       0x2e build/syscall.o
 .comment       0x0000000000000000       0x2e build/syscall-init.o
 .comment       0x0000000000000000       0x2e build/stdio.o
 .comment       0x0000000000000000       0x2e build/ide.o
 .comment       0x0000000000000000       0x2e build/stdio-kernel.o
 .comment       0x0000000000000000       0x2e build/fs.o
 .comment       0x0000000000000000       0x2e build/inode.o
 .comment       0x0000000000000000       0x2e build/file.o
 .comment       0x0000000000000000       0x2e build/dir.o

.debug
 *(.debug)

.line
 *(.line)

.debug_srcinfo
 *(.debug_srcinfo)

.debug_sfnames
 *(.debug_sfnames)

.debug_aranges
 *(.debug_aranges)

.debug_pubnames
 *(.debug_pubnames)

.debug_info
 *(.debug_info .gnu.linkonce.wi.*)

.debug_abbrev
 *(.debug_abbrev)

.debug_line
 *(.debug_line)

.debug_frame
 *(.debug_frame)

.debug_str
 *(.debug_str)

.debug_loc
 *(.debug_loc)

.debug_macinfo
 *(.debug_macinfo)

.debug_weaknames
 *(.debug_weaknames)

.debug_funcnames
 *(.debug_funcnames)

.debug_typenames
 *(.debug_typenames)

.debug_varnames
 *(.debug_varnames)

.debug_pubtypes
 *(.debug_pubtypes)

.debug_ranges
 *(.debug_ranges)

.gnu.attributes
 *(.gnu.attributes)

/DISCARD/
 *(.note.GNU-stack)
 *(.gnu_debuglink)
 *(.gnu.lto_*)
OUTPUT(build/kernel.bin elf32-i386)
