
Allocating common symbols
Common symbol       size              file

kbd_buf             0x6c              build/keyboard.o
thread_ready_list   0x10              build/thread.o
thread_all_list     0x10              build/thread.o
user_pool           0x2c              build/memory.o
channel_cnt         0x1               build/ide.o
cur_part            0x4               build/fs.o
k_block_descs       0xa8              build/memory.o
idle_thread         0x4               build/thread.o
intr_name           0x204             build/interrupt.o
main_thread         0x4               build/thread.o
channels            0xcc0             build/ide.o
ticks               0x4               build/timer.o
kernel_vaddr        0xc               build/memory.o
syscall_table       0x80              build/syscall-init.o
idt_table           0x204             build/interrupt.o
partition_list      0x10              build/ide.o
kernel_pool         0x2c              build/memory.o
pid_lock            0x1c              build/thread.o

Discarded input sections

 .note.GNU-stack
                0x0000000000000000        0x0 build/main.o
 .note.GNU-stack
                0x0000000000000000        0x0 build/init.o
 .note.GNU-stack
                0x0000000000000000        0x0 build/interrupt.o
 .note.GNU-stack
                0x0000000000000000        0x0 build/timer.o
 .note.GNU-stack
                0x0000000000000000        0x0 build/debug.o
 .note.GNU-stack
                0x0000000000000000        0x0 build/memory.o
 .note.GNU-stack
                0x0000000000000000        0x0 build/bitmap.o
 .note.GNU-stack
                0x0000000000000000        0x0 build/string.o
 .note.GNU-stack
                0x0000000000000000        0x0 build/thread.o
 .note.GNU-stack
                0x0000000000000000        0x0 build/list.o
 .note.GNU-stack
                0x0000000000000000        0x0 build/console.o
 .note.GNU-stack
                0x0000000000000000        0x0 build/sync.o
 .note.GNU-stack
                0x0000000000000000        0x0 build/keyboard.o
 .note.GNU-stack
                0x0000000000000000        0x0 build/ioqueue.o
 .note.GNU-stack
                0x0000000000000000        0x0 build/tss.o
 .note.GNU-stack
                0x0000000000000000        0x0 build/process.o
 .note.GNU-stack
                0x0000000000000000        0x0 build/syscall.o
 .note.GNU-stack
                0x0000000000000000        0x0 build/syscall-init.o
 .note.GNU-stack
                0x0000000000000000        0x0 build/stdio.o
 .note.GNU-stack
                0x0000000000000000        0x0 build/ide.o
 .note.GNU-stack
                0x0000000000000000        0x0 build/stdio-kernel.o
 .note.GNU-stack
                0x0000000000000000        0x0 build/fs.o

Memory Configuration

Name             Origin             Length             Attributes
*default*        0x0000000000000000 0xffffffffffffffff

Linker script and memory map

Address of section .text set to 0xc0001500
LOAD build/main.o
LOAD build/init.o
LOAD build/interrupt.o
LOAD build/timer.o
LOAD build/kernel.o
LOAD build/print.o
LOAD build/debug.o
LOAD build/memory.o
LOAD build/bitmap.o
LOAD build/string.o
LOAD build/thread.o
LOAD build/list.o
LOAD build/switch.o
LOAD build/console.o
LOAD build/sync.o
LOAD build/keyboard.o
LOAD build/ioqueue.o
LOAD build/tss.o
LOAD build/process.o
LOAD build/syscall.o
LOAD build/syscall-init.o
LOAD build/stdio.o
LOAD build/ide.o
LOAD build/stdio-kernel.o
LOAD build/fs.o
                0x0000000008048000                PROVIDE (__executable_start, 0x8048000)
                0x0000000008048094                . = (0x8048000 + SIZEOF_HEADERS)

.interp
 *(.interp)

.note.gnu.build-id
 *(.note.gnu.build-id)

.hash
 *(.hash)

.gnu.hash
 *(.gnu.hash)

.dynsym
 *(.dynsym)

.dynstr
 *(.dynstr)

.gnu.version
 *(.gnu.version)

.gnu.version_d
 *(.gnu.version_d)

.gnu.version_r
 *(.gnu.version_r)

.rel.dyn        0x0000000008048094        0x0
 *(.rel.init)
 *(.rel.text .rel.text.* .rel.gnu.linkonce.t.*)
 .rel.text      0x0000000000000000        0x0 build/main.o
 *(.rel.fini)
 *(.rel.rodata .rel.rodata.* .rel.gnu.linkonce.r.*)
 *(.rel.data.rel.ro* .rel.gnu.linkonce.d.rel.ro.*)
 *(.rel.data .rel.data.* .rel.gnu.linkonce.d.*)
 *(.rel.tdata .rel.tdata.* .rel.gnu.linkonce.td.*)
 *(.rel.tbss .rel.tbss.* .rel.gnu.linkonce.tb.*)
 *(.rel.ctors)
 *(.rel.dtors)
 *(.rel.got)
 *(.rel.sharable_data .rel.sharable_data.* .rel.gnu.linkonce.shrd.*)
 *(.rel.sharable_bss .rel.sharable_bss.* .rel.gnu.linkonce.shrb.*)
 *(.rel.bss .rel.bss.* .rel.gnu.linkonce.b.*)
 *(.rel.ifunc)

.rel.plt        0x0000000008048094        0x0
 *(.rel.plt)
                0x0000000008048094                PROVIDE (__rel_iplt_start, .)
 *(.rel.iplt)
 .rel.iplt      0x0000000000000000        0x0 build/main.o
                0x0000000008048094                PROVIDE (__rel_iplt_end, .)

.init
 *(.init)

.plt            0x0000000008048094        0x0
 *(.plt)
 *(.iplt)
 .iplt          0x0000000000000000        0x0 build/main.o

.text           0x00000000c0001500     0x5c85
 *(.text.unlikely .text.*_unlikely)
 *(.text .stub .text.* .gnu.linkonce.t.*)
 .text          0x00000000c0001500      0x2b0 build/main.o
                0x00000000c0001500                main
                0x00000000c000151c                k_thread_a
                0x00000000c00015d9                k_thread_b
                0x00000000c0001696                u_prog_a
                0x00000000c0001723                u_prog_b
 .text          0x00000000c00017b0       0x4b build/init.o
                0x00000000c00017b0                init_all
 *fill*         0x00000000c00017fb        0x1 90909090
 .text          0x00000000c00017fc      0x482 build/interrupt.o
                0x00000000c0001b71                intr_enable
                0x00000000c0001b9a                intr_disable
                0x00000000c0001bc3                intr_set_status
                0x00000000c0001be1                intr_get_status
                0x00000000c0001c04                register_handler
                0x00000000c0001c20                idt_init
 *fill*         0x00000000c0001c7e        0x2 90909090
 .text          0x00000000c0001c80      0x214 build/timer.o
                0x00000000c0001ddc                mtime_sleep
                0x00000000c0001e34                timer_init
 *fill*         0x00000000c0001e94        0xc 90909090
 .text          0x00000000c0001ea0      0x672 build/kernel.o
                0x00000000c0001ea0                intr_exit
                0x00000000c00024e8                syscall_handler
 *fill*         0x00000000c0002512        0xe 90909090
 .text          0x00000000c0002520      0x1a0 build/print.o
                0x00000000c0002520                put_str
                0x00000000c0002544                put_char
                0x00000000c000261b                put_int
                0x00000000c000269c                set_cursor
 .text          0x00000000c00026c0       0xa5 build/debug.o
                0x00000000c00026c0                panic_spin
 *fill*         0x00000000c0002765        0x3 90909090
 .text          0x00000000c0002768     0x110a build/memory.o
                0x00000000c000288e                pte_ptr
                0x00000000c00028bf                pde_ptr
                0x00000000c0002a60                malloc_page
                0x00000000c0002b2a                get_kernel_pages
                0x00000000c0002b86                get_user_pages
                0x00000000c0002be2                get_a_page
                0x00000000c0002d6c                addr_v2p
                0x00000000c0002dc2                sys_malloc
                0x00000000c00030d2                pfree
                0x00000000c000321a                mfree_page
                0x00000000c00033ef                sys_free
                0x00000000c00037b4                block_desc_init
                0x00000000c0003831                mem_init
 *fill*         0x00000000c0003872        0x2 90909090
 .text          0x00000000c0003874      0x270 build/bitmap.o
                0x00000000c0003874                bitmap_init
                0x00000000c000389b                bitmap_scan_test
                0x00000000c00038dd                bitmap_scan
                0x00000000c0003a2b                bitmap_set
 .text          0x00000000c0003ae4      0x454 build/string.o
                0x00000000c0003ae4                memset
                0x00000000c0003b40                memcpy
                0x00000000c0003ba8                memcmp
                0x00000000c0003c3e                strcpy
                0x00000000c0003ca1                strlen
                0x00000000c0003cfb                strcmp
                0x00000000c0003d82                strchr
                0x00000000c0003de8                strrchr
                0x00000000c0003e51                strcat
                0x00000000c0003ecb                strchrs
 .text          0x00000000c0003f38      0x6cd build/thread.o
                0x00000000c0003f4e                running_thread
                0x00000000c0003fb0                thread_create
                0x00000000c0004026                init_thread
                0x00000000c00040d0                thread_start
                0x00000000c000424b                schedule
                0x00000000c000439b                thread_block
                0x00000000c0004402                thread_unblock
                0x00000000c000450d                thread_yield
                0x00000000c0004593                thread_init
 *fill*         0x00000000c0004605        0x3 90909090
 .text          0x00000000c0004608      0x1e4 build/list.o
                0x00000000c0004608                list_init
                0x00000000c0004635                list_insert_before
                0x00000000c0004676                list_push
                0x00000000c0004693                list_append
                0x00000000c00046b0                list_remove
                0x00000000c00046e6                list_pop
                0x00000000c0004705                elem_find
                0x00000000c0004740                list_traversal
                0x00000000c000479e                list_len
                0x00000000c00047d3                list_empty
 *fill*         0x00000000c00047ec        0x4 90909090
 .text          0x00000000c00047f0       0x15 build/switch.o
                0x00000000c00047f0                switch_to
 *fill*         0x00000000c0004805        0x3 90909090
 .text          0x00000000c0004808       0x9a build/console.o
                0x00000000c0004808                console_init
                0x00000000c000481c                console_acquire
                0x00000000c0004830                console_release
                0x00000000c0004844                console_put_str
                0x00000000c0004861                console_put_char
                0x00000000c0004885                console_put_int
 *fill*         0x00000000c00048a2        0x2 90909090
 .text          0x00000000c00048a4      0x347 build/sync.o
                0x00000000c00048a4                sema_init
                0x00000000c00048c9                lock_init
                0x00000000c00048fa                sema_down
                0x00000000c0004a0e                sema_up
                0x00000000c0004ac4                lock_acquire
                0x00000000c0004b40                lock_release
 *fill*         0x00000000c0004beb        0x1 90909090
 .text          0x00000000c0004bec      0x2ec build/keyboard.o
                0x00000000c0004e98                keyboard_init
 .text          0x00000000c0004ed8      0x2f1 build/ioqueue.o
                0x00000000c0004ed8                ioqueue_init
                0x00000000c0004f35                ioq_full
                0x00000000c000506b                ioq_getchar
                0x00000000c0005119                ioq_putchar
 *fill*         0x00000000c00051c9        0x3 90909090
 .text          0x00000000c00051cc      0x1a9 build/tss.o
                0x00000000c00051cc                update_tss_esp
                0x00000000c0005247                tss_init
 *fill*         0x00000000c0005375        0x3 90909090
 .text          0x00000000c0005378      0x367 build/process.o
                0x00000000c0005378                start_process
                0x00000000c000547e                page_dir_activate
                0x00000000c00054ae                process_activate
                0x00000000c0005500                create_page_dir
                0x00000000c0005571                create_user_vaddr_bitmap
                0x00000000c00055b5                process_execute
 *fill*         0x00000000c00056df        0x1 90909090
 .text          0x00000000c00056e0       0x6f build/syscall.o
                0x00000000c00056e0                getpid
                0x00000000c00056f5                write
                0x00000000c0005714                malloc
                0x00000000c0005733                free
 *fill*         0x00000000c000574f        0x1 90909090
 .text          0x00000000c0005750       0x78 build/syscall-init.o
                0x00000000c0005750                sys_getpid
                0x00000000c0005762                sys_write
                0x00000000c0005780                syscall_init
 .text          0x00000000c00057c8      0x2a0 build/stdio.o
                0x00000000c000584e                vsprintf
                0x00000000c00059d2                sprintf
                0x00000000c0005a06                printf
 .text          0x00000000c0005a68      0xdfc build/ide.o
                0x00000000c0005d82                ide_read
                0x00000000c0005f14                ide_write
                0x00000000c00065a5                intr_hd_handler
                0x00000000c0006666                ide_init
 .text          0x00000000c0006864       0x62 build/stdio-kernel.o
                0x00000000c0006864                printk
 *fill*         0x00000000c00068c6        0x2 90909090
 .text          0x00000000c00068c8      0x8bd build/fs.o
                0x00000000c0006fcb                filesys_init
 *(.gnu.warning)

.fini
 *(.fini)
                0x00000000c0007185                PROVIDE (__etext, .)
                0x00000000c0007185                PROVIDE (_etext, .)
                0x00000000c0007185                PROVIDE (etext, .)

.rodata         0x00000000c0007188     0x12f1
 *(.rodata .rodata.* .gnu.linkonce.r.*)
 .rodata        0x00000000c0007188       0x88 build/main.o
 .rodata        0x00000000c0007210        0xa build/init.o
 *fill*         0x00000000c000721a        0x2 00
 .rodata        0x00000000c000721c      0x2cd build/interrupt.o
 *fill*         0x00000000c00074e9        0x3 00
 .rodata        0x00000000c00074ec       0x87 build/timer.o
 .rodata        0x00000000c0007573       0x3f build/debug.o
 *fill*         0x00000000c00075b2        0x2 00
 .rodata        0x00000000c00075b4      0x3b5 build/memory.o
 *fill*         0x00000000c0007969        0x3 00
 .rodata        0x00000000c000796c       0x68 build/bitmap.o
 .rodata        0x00000000c00079d4       0xb9 build/string.o
 *fill*         0x00000000c0007a8d        0x3 00
 .rodata        0x00000000c0007a90      0x2d0 build/thread.o
 .rodata        0x00000000c0007d60      0x12f build/sync.o
 .rodata        0x00000000c0007e8f       0x36 build/keyboard.o
 *fill*         0x00000000c0007ec5        0x3 00
 .rodata        0x00000000c0007ec8       0x9d build/ioqueue.o
 .rodata        0x00000000c0007f65       0x27 build/tss.o
 .rodata        0x00000000c0007f8c       0xdd build/process.o
 .rodata        0x00000000c0008069       0x27 build/syscall-init.o
 .rodata        0x00000000c0008090      0x1ef build/ide.o
 *fill*         0x00000000c000827f        0x1 00
 .rodata        0x00000000c0008280      0x1f9 build/fs.o

.rodata1
 *(.rodata1)

.eh_frame_hdr
 *(.eh_frame_hdr)

.eh_frame
 *(.eh_frame)

.gcc_except_table
 *(.gcc_except_table .gcc_except_table.*)
                0x00000000c0008479                . = (ALIGN (0x1000) - ((0x1000 - .) & 0xfff))
                0x00000000c0009479                . = (0x1000 DATA_SEGMENT_ALIGN 0x1000)

.eh_frame
 *(.eh_frame)

.gcc_except_table
 *(.gcc_except_table .gcc_except_table.*)

.tdata
 *(.tdata .tdata.* .gnu.linkonce.td.*)

.tbss
 *(.tbss .tbss.* .gnu.linkonce.tb.*)
 *(.tcommon)

.preinit_array  0x00000000c0009479        0x0
                0x00000000c0009479                PROVIDE (__preinit_array_start, .)
 *(.preinit_array)
                0x00000000c0009479                PROVIDE (__preinit_array_end, .)

.init_array     0x00000000c0009479        0x0
                0x00000000c0009479                PROVIDE (__init_array_start, .)
 *(SORT(.init_array.*))
 *(.init_array)
                0x00000000c0009479                PROVIDE (__init_array_end, .)

.fini_array     0x00000000c0009479        0x0
                0x00000000c0009479                PROVIDE (__fini_array_start, .)
 *(.fini_array)
 *(SORT(.fini_array.*))
                0x00000000c0009479                PROVIDE (__fini_array_end, .)

.ctors
 *crtbegin.o(.ctors)
 *crtbegin?.o(.ctors)
 *(EXCLUDE_FILE(*crtend?.o *crtend.o) .ctors)
 *(SORT(.ctors.*))
 *(.ctors)

.dtors
 *crtbegin.o(.dtors)
 *crtbegin?.o(.dtors)
 *(EXCLUDE_FILE(*crtend?.o *crtend.o) .dtors)
 *(SORT(.dtors.*))
 *(.dtors)

.jcr
 *(.jcr)

.data.rel.ro
 *(.data.rel.ro.local* .gnu.linkonce.d.rel.ro.local.*)
 *(.data.rel.ro* .gnu.linkonce.d.rel.ro.*)

.dynamic
 *(.dynamic)

.got
 *(.got)
 *(.igot)
                0x00000000c0009479                . = (. DATA_SEGMENT_RELRO_END 0xc)

.got.plt        0x00000000c000947c        0x0 load address 0x00000000c0009479
 *(.got.plt)
 *(.igot.plt)
 .igot.plt      0x0000000000000000        0x0 build/main.o

.data           0x00000000c0009480      0x158
 *(.data .data.* .gnu.linkonce.d.*)
 .data          0x00000000c0009480        0x0 build/main.o
 .data          0x00000000c0009480        0x0 build/init.o
 .data          0x00000000c0009480        0x0 build/interrupt.o
 .data          0x00000000c0009480        0x0 build/timer.o
 .data          0x00000000c0009480       0xc0 build/kernel.o
                0x00000000c0009480                intr_entry_table
 .data          0x00000000c0009540        0x8 build/print.o
 .data          0x00000000c0009548        0x0 build/debug.o
 .data          0x00000000c0009548        0x0 build/memory.o
 .data          0x00000000c0009548        0x0 build/bitmap.o
 .data          0x00000000c0009548        0x0 build/string.o
 .data          0x00000000c0009548        0x0 build/thread.o
 .data          0x00000000c0009548        0x0 build/list.o
 .data          0x00000000c0009548        0x0 build/console.o
 .data          0x00000000c0009548        0x0 build/sync.o
 *fill*         0x00000000c0009548       0x18 00
 .data          0x00000000c0009560       0x76 build/keyboard.o
 *fill*         0x00000000c00095d6        0x2 00
 .data          0x00000000c00095d8        0x0 build/ioqueue.o
 .data          0x00000000c00095d8        0x0 build/tss.o
 .data          0x00000000c00095d8        0x0 build/process.o
 .data          0x00000000c00095d8        0x0 build/syscall.o
 .data          0x00000000c00095d8        0x0 build/syscall-init.o
 .data          0x00000000c00095d8        0x0 build/stdio.o
 .data          0x00000000c00095d8        0x0 build/ide.o
 .data          0x00000000c00095d8        0x0 build/stdio-kernel.o
 .data          0x00000000c00095d8        0x0 build/fs.o

.data1
 *(.data1)

.sharable_data  0x00000000c000a000        0x0
                0x00000000c000a000                PROVIDE (__sharable_data_start, .)
 *(.sharable_data .sharable_data.* .gnu.linkonce.shrd.*)
                0x00000000c000a000                . = ALIGN ((. != 0x0)?0x1000:0x1)
                0x00000000c000a000                PROVIDE (__sharable_data_end, .)
                0x00000000c000a000                _edata = .
                0x00000000c000a000                PROVIDE (edata, .)
                0x00000000c000a000                __bss_start = .

.bss            0x00000000c00095e0     0x1874
 *(.dynbss)
 *(.bss .bss.* .gnu.linkonce.b.*)
 .bss           0x00000000c00095e0        0x0 build/main.o
 .bss           0x00000000c00095e0        0x0 build/init.o
 .bss           0x00000000c00095e0      0x408 build/interrupt.o
 .bss           0x00000000c00099e8        0x0 build/timer.o
 .bss           0x00000000c00099e8        0x0 build/debug.o
 .bss           0x00000000c00099e8        0x0 build/memory.o
 .bss           0x00000000c00099e8        0x0 build/bitmap.o
 .bss           0x00000000c00099e8        0x0 build/string.o
 .bss           0x00000000c00099e8        0x6 build/thread.o
 *fill*         0x00000000c00099ee        0x2 00
 .bss           0x00000000c00099f0        0x0 build/list.o
 .bss           0x00000000c00099f0       0x1c build/console.o
 .bss           0x00000000c0009a0c        0x0 build/sync.o
 .bss           0x00000000c0009a0c       0x14 build/keyboard.o
 .bss           0x00000000c0009a20        0x0 build/ioqueue.o
 .bss           0x00000000c0009a20       0x6c build/tss.o
 .bss           0x00000000c0009a8c        0x0 build/process.o
 .bss           0x00000000c0009a8c        0x0 build/syscall.o
 .bss           0x00000000c0009a8c        0x0 build/syscall-init.o
 .bss           0x00000000c0009a8c        0x0 build/stdio.o
 .bss           0x00000000c0009a8c        0x6 build/ide.o
                0x00000000c0009a8c                ext_lba_base
                0x00000000c0009a90                p_no
                0x00000000c0009a91                l_no
 *fill*         0x00000000c0009a92        0x2 00
 .bss           0x00000000c0009a94        0x0 build/stdio-kernel.o
 .bss           0x00000000c0009a94        0x0 build/fs.o
 *(COMMON)
 *fill*         0x00000000c0009a94        0xc 00
 COMMON         0x00000000c0009aa0      0x424 build/interrupt.o
                0x00000000c0009aa0                intr_name
                0x00000000c0009cc0                idt_table
 COMMON         0x00000000c0009ec4        0x4 build/timer.o
                0x00000000c0009ec4                ticks
 *fill*         0x00000000c0009ec8       0x18 00
 COMMON         0x00000000c0009ee0      0x12c build/memory.o
                0x00000000c0009ee0                user_pool
                0x00000000c0009f20                k_block_descs
                0x00000000c0009fc8                kernel_vaddr
                0x00000000c0009fe0                kernel_pool
 COMMON         0x00000000c000a00c       0x44 build/thread.o
                0x00000000c000a00c                thread_ready_list
                0x00000000c000a01c                thread_all_list
                0x00000000c000a02c                idle_thread
                0x00000000c000a030                main_thread
                0x00000000c000a034                pid_lock
 *fill*         0x00000000c000a050       0x10 00
 COMMON         0x00000000c000a060       0x6c build/keyboard.o
                0x00000000c000a060                kbd_buf
 *fill*         0x00000000c000a0cc       0x14 00
 COMMON         0x00000000c000a0e0       0x80 build/syscall-init.o
                0x00000000c000a0e0                syscall_table
 COMMON         0x00000000c000a160      0xcf0 build/ide.o
                0x00000000c000a160                channel_cnt
                0x00000000c000a180                channels
                0x00000000c000ae40                partition_list
 COMMON         0x00000000c000ae50        0x4 build/fs.o
                0x00000000c000ae50                cur_part
                0x00000000c000ae54                . = ALIGN ((. != 0x0)?0x4:0x1)

.sharable_bss   0x00000000c000b000        0x0
                0x00000000c000b000                PROVIDE (__sharable_bss_start, .)
 *(.dynsharablebss)
 *(.sharable_bss .sharable_bss.* .gnu.linkonce.shrb.*)
 *(SHARABLE_COMMON)
                0x00000000c000b000                . = ALIGN ((. != 0x0)?0x1000:0x1)
                0x00000000c000b000                PROVIDE (__sharable_bss_end, .)
                0x00000000c000b000                . = ALIGN (0x4)
                0x00000000c000b000                . = ALIGN (0x4)
                0x00000000c000b000                _end = .
                0x00000000c000b000                PROVIDE (end, .)
                0x00000000c000b000                . = DATA_SEGMENT_END (.)

.stab
 *(.stab)

.stabstr
 *(.stabstr)

.stab.excl
 *(.stab.excl)

.stab.exclstr
 *(.stab.exclstr)

.stab.index
 *(.stab.index)

.stab.indexstr
 *(.stab.indexstr)

.comment        0x0000000000000000       0x2d
 *(.comment)
 .comment       0x0000000000000000       0x2d build/main.o
                                         0x2e (size before relaxing)
 .comment       0x0000000000000000       0x2e build/init.o
 .comment       0x0000000000000000       0x2e build/interrupt.o
 .comment       0x0000000000000000       0x2e build/timer.o
 .comment       0x0000000000000000       0x2e build/debug.o
 .comment       0x0000000000000000       0x2e build/memory.o
 .comment       0x0000000000000000       0x2e build/bitmap.o
 .comment       0x0000000000000000       0x2e build/string.o
 .comment       0x0000000000000000       0x2e build/thread.o
 .comment       0x0000000000000000       0x2e build/list.o
 .comment       0x0000000000000000       0x2e build/console.o
 .comment       0x0000000000000000       0x2e build/sync.o
 .comment       0x0000000000000000       0x2e build/keyboard.o
 .comment       0x0000000000000000       0x2e build/ioqueue.o
 .comment       0x0000000000000000       0x2e build/tss.o
 .comment       0x0000000000000000       0x2e build/process.o
 .comment       0x0000000000000000       0x2e build/syscall.o
 .comment       0x0000000000000000       0x2e build/syscall-init.o
 .comment       0x0000000000000000       0x2e build/stdio.o
 .comment       0x0000000000000000       0x2e build/ide.o
 .comment       0x0000000000000000       0x2e build/stdio-kernel.o
 .comment       0x0000000000000000       0x2e build/fs.o

.debug
 *(.debug)

.line
 *(.line)

.debug_srcinfo
 *(.debug_srcinfo)

.debug_sfnames
 *(.debug_sfnames)

.debug_aranges
 *(.debug_aranges)

.debug_pubnames
 *(.debug_pubnames)

.debug_info
 *(.debug_info .gnu.linkonce.wi.*)

.debug_abbrev
 *(.debug_abbrev)

.debug_line
 *(.debug_line)

.debug_frame
 *(.debug_frame)

.debug_str
 *(.debug_str)

.debug_loc
 *(.debug_loc)

.debug_macinfo
 *(.debug_macinfo)

.debug_weaknames
 *(.debug_weaknames)

.debug_funcnames
 *(.debug_funcnames)

.debug_typenames
 *(.debug_typenames)

.debug_varnames
 *(.debug_varnames)

.debug_pubtypes
 *(.debug_pubtypes)

.debug_ranges
 *(.debug_ranges)

.gnu.attributes
 *(.gnu.attributes)

/DISCARD/
 *(.note.GNU-stack)
 *(.gnu_debuglink)
 *(.gnu.lto_*)
OUTPUT(build/kernel.bin elf32-i386)
