
Allocating common symbols
Common symbol       size              file

kbd_buf             0x6c              build/keyboard.o
thread_ready_list   0x10              build/thread.o
thread_all_list     0x10              build/thread.o
user_pool           0x2c              build/memory.o
k_block_descs       0xa8              build/memory.o
intr_name           0x204             build/interrupt.o
main_thread         0x4               build/thread.o
ticks               0x4               build/timer.o
kernel_vaddr        0xc               build/memory.o
syscall_table       0x80              build/syscall-init.o
idt_table           0x204             build/interrupt.o
kernel_pool         0x2c              build/memory.o
pid_lock            0x1c              build/thread.o

Discarded input sections

 .note.GNU-stack
                0x0000000000000000        0x0 build/main.o
 .note.GNU-stack
                0x0000000000000000        0x0 build/init.o
 .note.GNU-stack
                0x0000000000000000        0x0 build/interrupt.o
 .note.GNU-stack
                0x0000000000000000        0x0 build/timer.o
 .note.GNU-stack
                0x0000000000000000        0x0 build/debug.o
 .note.GNU-stack
                0x0000000000000000        0x0 build/memory.o
 .note.GNU-stack
                0x0000000000000000        0x0 build/bitmap.o
 .note.GNU-stack
                0x0000000000000000        0x0 build/string.o
 .note.GNU-stack
                0x0000000000000000        0x0 build/thread.o
 .note.GNU-stack
                0x0000000000000000        0x0 build/list.o
 .note.GNU-stack
                0x0000000000000000        0x0 build/console.o
 .note.GNU-stack
                0x0000000000000000        0x0 build/sync.o
 .note.GNU-stack
                0x0000000000000000        0x0 build/keyboard.o
 .note.GNU-stack
                0x0000000000000000        0x0 build/ioqueue.o
 .note.GNU-stack
                0x0000000000000000        0x0 build/tss.o
 .note.GNU-stack
                0x0000000000000000        0x0 build/process.o
 .note.GNU-stack
                0x0000000000000000        0x0 build/syscall.o
 .note.GNU-stack
                0x0000000000000000        0x0 build/syscall-init.o
 .note.GNU-stack
                0x0000000000000000        0x0 build/stdio.o

Memory Configuration

Name             Origin             Length             Attributes
*default*        0x0000000000000000 0xffffffffffffffff

Linker script and memory map

Address of section .text set to 0xc0001500
LOAD build/main.o
LOAD build/init.o
LOAD build/interrupt.o
LOAD build/timer.o
LOAD build/kernel.o
LOAD build/print.o
LOAD build/debug.o
LOAD build/memory.o
LOAD build/bitmap.o
LOAD build/string.o
LOAD build/thread.o
LOAD build/list.o
LOAD build/switch.o
LOAD build/console.o
LOAD build/sync.o
LOAD build/keyboard.o
LOAD build/ioqueue.o
LOAD build/tss.o
LOAD build/process.o
LOAD build/syscall.o
LOAD build/syscall-init.o
LOAD build/stdio.o
                0x0000000008048000                PROVIDE (__executable_start, 0x8048000)
                0x0000000008048094                . = (0x8048000 + SIZEOF_HEADERS)

.interp
 *(.interp)

.note.gnu.build-id
 *(.note.gnu.build-id)

.hash
 *(.hash)

.gnu.hash
 *(.gnu.hash)

.dynsym
 *(.dynsym)

.dynstr
 *(.dynstr)

.gnu.version
 *(.gnu.version)

.gnu.version_d
 *(.gnu.version_d)

.gnu.version_r
 *(.gnu.version_r)

.rel.dyn        0x0000000008048094        0x0
 *(.rel.init)
 *(.rel.text .rel.text.* .rel.gnu.linkonce.t.*)
 .rel.text      0x0000000000000000        0x0 build/main.o
 *(.rel.fini)
 *(.rel.rodata .rel.rodata.* .rel.gnu.linkonce.r.*)
 *(.rel.data.rel.ro* .rel.gnu.linkonce.d.rel.ro.*)
 *(.rel.data .rel.data.* .rel.gnu.linkonce.d.*)
 *(.rel.tdata .rel.tdata.* .rel.gnu.linkonce.td.*)
 *(.rel.tbss .rel.tbss.* .rel.gnu.linkonce.tb.*)
 *(.rel.ctors)
 *(.rel.dtors)
 *(.rel.got)
 *(.rel.sharable_data .rel.sharable_data.* .rel.gnu.linkonce.shrd.*)
 *(.rel.sharable_bss .rel.sharable_bss.* .rel.gnu.linkonce.shrb.*)
 *(.rel.bss .rel.bss.* .rel.gnu.linkonce.b.*)
 *(.rel.ifunc)

.rel.plt        0x0000000008048094        0x0
 *(.rel.plt)
                0x0000000008048094                PROVIDE (__rel_iplt_start, .)
 *(.rel.iplt)
 .rel.iplt      0x0000000000000000        0x0 build/main.o
                0x0000000008048094                PROVIDE (__rel_iplt_end, .)

.init
 *(.init)

.plt            0x0000000008048094        0x0
 *(.plt)
 *(.iplt)
 .iplt          0x0000000000000000        0x0 build/main.o

.text           0x00000000c0001500     0x3d18
 *(.text.unlikely .text.*_unlikely)
 *(.text .stub .text.* .gnu.linkonce.t.*)
 .text          0x00000000c0001500      0x14f build/main.o
                0x00000000c0001500                main
                0x00000000c0001569                k_thread_a
                0x00000000c00015a9                k_thread_b
                0x00000000c00015e9                u_prog_a
                0x00000000c000161c                u_prog_b
 *fill*         0x00000000c000164f        0x1 90909090
 .text          0x00000000c0001650       0x3c build/init.o
                0x00000000c0001650                init_all
 .text          0x00000000c000168c      0x482 build/interrupt.o
                0x00000000c0001a01                intr_enable
                0x00000000c0001a2a                intr_disable
                0x00000000c0001a53                intr_set_status
                0x00000000c0001a71                intr_get_status
                0x00000000c0001a94                register_handler
                0x00000000c0001ab0                idt_init
 *fill*         0x00000000c0001b0e        0x2 90909090
 .text          0x00000000c0001b10      0x198 build/timer.o
                0x00000000c0001c48                timer_init
 *fill*         0x00000000c0001ca8        0x8 90909090
 .text          0x00000000c0001cb0      0x672 build/kernel.o
                0x00000000c0001cb0                intr_exit
                0x00000000c00022f8                syscall_handler
 *fill*         0x00000000c0002322        0xe 90909090
 .text          0x00000000c0002330      0x1a0 build/print.o
                0x00000000c0002330                put_str
                0x00000000c0002354                put_char
                0x00000000c000242b                put_int
                0x00000000c00024ac                set_cursor
 .text          0x00000000c00024d0       0xa5 build/debug.o
                0x00000000c00024d0                panic_spin
 *fill*         0x00000000c0002575        0x3 90909090
 .text          0x00000000c0002578      0xbde build/memory.o
                0x00000000c0002578                block_desc_init
                0x00000000c000271b                pte_ptr
                0x00000000c000274c                pde_ptr
                0x00000000c00028ed                malloc_page
                0x00000000c00029b7                get_kernel_pages
                0x00000000c0002a13                get_user_pages
                0x00000000c0002a6f                get_a_page
                0x00000000c0002beb                addr_v2p
                0x00000000c0002e05                sys_malloc
                0x00000000c0003115                mem_init
 *fill*         0x00000000c0003156        0x2 90909090
 .text          0x00000000c0003158      0x270 build/bitmap.o
                0x00000000c0003158                bitmap_init
                0x00000000c000317f                bitmap_scan_test
                0x00000000c00031c1                bitmap_scan
                0x00000000c000330f                bitmap_set
 .text          0x00000000c00033c8      0x454 build/string.o
                0x00000000c00033c8                memset
                0x00000000c0003424                memcpy
                0x00000000c000348c                memcmp
                0x00000000c0003522                strcpy
                0x00000000c0003585                strlen
                0x00000000c00035df                strcmp
                0x00000000c0003666                strchr
                0x00000000c00036cc                strrchr
                0x00000000c0003735                strcat
                0x00000000c00037af                strchrs
 .text          0x00000000c000381c      0x5eb build/thread.o
                0x00000000c000381c                running_thread
                0x00000000c000387e                thread_create
                0x00000000c00038f4                init_thread
                0x00000000c000399e                thread_start
                0x00000000c0003b19                schedule
                0x00000000c0003c4c                thread_block
                0x00000000c0003cb3                thread_unblock
                0x00000000c0003dbe                thread_init
 *fill*         0x00000000c0003e07        0x1 90909090
 .text          0x00000000c0003e08      0x1e4 build/list.o
                0x00000000c0003e08                list_init
                0x00000000c0003e35                list_insert_before
                0x00000000c0003e76                list_push
                0x00000000c0003e93                list_append
                0x00000000c0003eb0                list_remove
                0x00000000c0003ee6                list_pop
                0x00000000c0003f05                elem_find
                0x00000000c0003f40                list_traversal
                0x00000000c0003f9e                list_len
                0x00000000c0003fd3                list_empty
 *fill*         0x00000000c0003fec        0x4 90909090
 .text          0x00000000c0003ff0       0x15 build/switch.o
                0x00000000c0003ff0                switch_to
 *fill*         0x00000000c0004005        0x3 90909090
 .text          0x00000000c0004008       0x9a build/console.o
                0x00000000c0004008                console_init
                0x00000000c000401c                console_acquire
                0x00000000c0004030                console_release
                0x00000000c0004044                console_put_str
                0x00000000c0004061                console_put_char
                0x00000000c0004085                console_put_int
 *fill*         0x00000000c00040a2        0x2 90909090
 .text          0x00000000c00040a4      0x347 build/sync.o
                0x00000000c00040a4                sema_init
                0x00000000c00040c9                lock_init
                0x00000000c00040fa                sema_down
                0x00000000c000420e                sema_up
                0x00000000c00042c4                lock_acquire
                0x00000000c0004340                lock_release
 *fill*         0x00000000c00043eb        0x1 90909090
 .text          0x00000000c00043ec      0x2ec build/keyboard.o
                0x00000000c0004698                keyboard_init
 .text          0x00000000c00046d8      0x2f1 build/ioqueue.o
                0x00000000c00046d8                ioqueue_init
                0x00000000c0004735                ioq_full
                0x00000000c000486b                ioq_getchar
                0x00000000c0004919                ioq_putchar
 *fill*         0x00000000c00049c9        0x3 90909090
 .text          0x00000000c00049cc      0x1a9 build/tss.o
                0x00000000c00049cc                update_tss_esp
                0x00000000c0004a47                tss_init
 *fill*         0x00000000c0004b75        0x3 90909090
 .text          0x00000000c0004b78      0x367 build/process.o
                0x00000000c0004b78                start_process
                0x00000000c0004c7e                page_dir_activate
                0x00000000c0004cae                process_activate
                0x00000000c0004d00                create_page_dir
                0x00000000c0004d71                create_user_vaddr_bitmap
                0x00000000c0004db5                process_execute
 *fill*         0x00000000c0004edf        0x1 90909090
 .text          0x00000000c0004ee0       0x34 build/syscall.o
                0x00000000c0004ee0                getpid
                0x00000000c0004ef5                write
 .text          0x00000000c0004f14       0x64 build/syscall-init.o
                0x00000000c0004f14                sys_getpid
                0x00000000c0004f26                sys_write
                0x00000000c0004f44                syscall_init
 .text          0x00000000c0004f78      0x2a0 build/stdio.o
                0x00000000c0004ffe                vsprintf
                0x00000000c0005182                sprintf
                0x00000000c00051b6                printf
 *(.gnu.warning)

.fini
 *(.fini)
                0x00000000c0005218                PROVIDE (__etext, .)
                0x00000000c0005218                PROVIDE (_etext, .)
                0x00000000c0005218                PROVIDE (etext, .)

.rodata         0x00000000c0005218      0xd68
 *(.rodata .rodata.* .gnu.linkonce.r.*)
 .rodata        0x00000000c0005218       0xbb build/main.o
 .rodata        0x00000000c00052d3        0xa build/init.o
 *fill*         0x00000000c00052dd        0x3 00
 .rodata        0x00000000c00052e0      0x2cd build/interrupt.o
 *fill*         0x00000000c00055ad        0x3 00
 .rodata        0x00000000c00055b0       0x6b build/timer.o
 .rodata        0x00000000c000561b       0x3f build/debug.o
 *fill*         0x00000000c000565a        0x2 00
 .rodata        0x00000000c000565c      0x20d build/memory.o
 *fill*         0x00000000c0005869        0x3 00
 .rodata        0x00000000c000586c       0x68 build/bitmap.o
 .rodata        0x00000000c00058d4       0xb9 build/string.o
 *fill*         0x00000000c000598d        0x3 00
 .rodata        0x00000000c0005990      0x2be build/thread.o
 *fill*         0x00000000c0005c4e        0x2 00
 .rodata        0x00000000c0005c50      0x12f build/sync.o
 .rodata        0x00000000c0005d7f       0x36 build/keyboard.o
 *fill*         0x00000000c0005db5        0x3 00
 .rodata        0x00000000c0005db8       0x9d build/ioqueue.o
 .rodata        0x00000000c0005e55       0x27 build/tss.o
 .rodata        0x00000000c0005e7c       0xdd build/process.o
 .rodata        0x00000000c0005f59       0x27 build/syscall-init.o

.rodata1
 *(.rodata1)

.eh_frame_hdr
 *(.eh_frame_hdr)

.eh_frame
 *(.eh_frame)

.gcc_except_table
 *(.gcc_except_table .gcc_except_table.*)
                0x00000000c0005f80                . = (ALIGN (0x1000) - ((0x1000 - .) & 0xfff))
                0x00000000c0006000                . = (0x1000 DATA_SEGMENT_ALIGN 0x1000)

.eh_frame
 *(.eh_frame)

.gcc_except_table
 *(.gcc_except_table .gcc_except_table.*)

.tdata
 *(.tdata .tdata.* .gnu.linkonce.td.*)

.tbss
 *(.tbss .tbss.* .gnu.linkonce.tb.*)
 *(.tcommon)

.preinit_array  0x00000000c0006000        0x0
                0x00000000c0006000                PROVIDE (__preinit_array_start, .)
 *(.preinit_array)
                0x00000000c0006000                PROVIDE (__preinit_array_end, .)

.init_array     0x00000000c0006000        0x0
                0x00000000c0006000                PROVIDE (__init_array_start, .)
 *(SORT(.init_array.*))
 *(.init_array)
                0x00000000c0006000                PROVIDE (__init_array_end, .)

.fini_array     0x00000000c0006000        0x0
                0x00000000c0006000                PROVIDE (__fini_array_start, .)
 *(.fini_array)
 *(SORT(.fini_array.*))
                0x00000000c0006000                PROVIDE (__fini_array_end, .)

.ctors
 *crtbegin.o(.ctors)
 *crtbegin?.o(.ctors)
 *(EXCLUDE_FILE(*crtend?.o *crtend.o) .ctors)
 *(SORT(.ctors.*))
 *(.ctors)

.dtors
 *crtbegin.o(.dtors)
 *crtbegin?.o(.dtors)
 *(EXCLUDE_FILE(*crtend?.o *crtend.o) .dtors)
 *(SORT(.dtors.*))
 *(.dtors)

.jcr
 *(.jcr)

.data.rel.ro
 *(.data.rel.ro.local* .gnu.linkonce.d.rel.ro.local.*)
 *(.data.rel.ro* .gnu.linkonce.d.rel.ro.*)

.dynamic
 *(.dynamic)

.got
 *(.got)
 *(.igot)
                0x00000000c0006000                . = (. DATA_SEGMENT_RELRO_END 0xc)

.got.plt        0x00000000c0006000        0x0
 *(.got.plt)
 *(.igot.plt)
 .igot.plt      0x0000000000000000        0x0 build/main.o

.data           0x00000000c0006000      0x158
 *(.data .data.* .gnu.linkonce.d.*)
 .data          0x00000000c0006000        0x0 build/main.o
 .data          0x00000000c0006000        0x0 build/init.o
 .data          0x00000000c0006000        0x0 build/interrupt.o
 .data          0x00000000c0006000        0x0 build/timer.o
 .data          0x00000000c0006000       0xc0 build/kernel.o
                0x00000000c0006000                intr_entry_table
 .data          0x00000000c00060c0        0x8 build/print.o
 .data          0x00000000c00060c8        0x0 build/debug.o
 .data          0x00000000c00060c8        0x0 build/memory.o
 .data          0x00000000c00060c8        0x0 build/bitmap.o
 .data          0x00000000c00060c8        0x0 build/string.o
 .data          0x00000000c00060c8        0x0 build/thread.o
 .data          0x00000000c00060c8        0x0 build/list.o
 .data          0x00000000c00060c8        0x0 build/console.o
 .data          0x00000000c00060c8        0x0 build/sync.o
 *fill*         0x00000000c00060c8       0x18 00
 .data          0x00000000c00060e0       0x76 build/keyboard.o
 *fill*         0x00000000c0006156        0x2 00
 .data          0x00000000c0006158        0x0 build/ioqueue.o
 .data          0x00000000c0006158        0x0 build/tss.o
 .data          0x00000000c0006158        0x0 build/process.o
 .data          0x00000000c0006158        0x0 build/syscall.o
 .data          0x00000000c0006158        0x0 build/syscall-init.o
 .data          0x00000000c0006158        0x0 build/stdio.o

.data1
 *(.data1)

.sharable_data  0x00000000c0007000        0x0
                0x00000000c0007000                PROVIDE (__sharable_data_start, .)
 *(.sharable_data .sharable_data.* .gnu.linkonce.shrd.*)
                0x00000000c0007000                . = ALIGN ((. != 0x0)?0x1000:0x1)
                0x00000000c0007000                PROVIDE (__sharable_data_end, .)
                0x00000000c0007000                _edata = .
                0x00000000c0007000                PROVIDE (edata, .)
                0x00000000c0007000                __bss_start = .

.bss            0x00000000c0006160      0xb80
 *(.dynbss)
 *(.bss .bss.* .gnu.linkonce.b.*)
 .bss           0x00000000c0006160        0x0 build/main.o
 .bss           0x00000000c0006160        0x0 build/init.o
 .bss           0x00000000c0006160      0x408 build/interrupt.o
 .bss           0x00000000c0006568        0x0 build/timer.o
 .bss           0x00000000c0006568        0x0 build/debug.o
 .bss           0x00000000c0006568        0x0 build/memory.o
 .bss           0x00000000c0006568        0x0 build/bitmap.o
 .bss           0x00000000c0006568        0x0 build/string.o
 .bss           0x00000000c0006568        0x6 build/thread.o
 *fill*         0x00000000c000656e        0x2 00
 .bss           0x00000000c0006570        0x0 build/list.o
 .bss           0x00000000c0006570       0x1c build/console.o
 .bss           0x00000000c000658c        0x0 build/sync.o
 .bss           0x00000000c000658c       0x14 build/keyboard.o
 .bss           0x00000000c00065a0        0x0 build/ioqueue.o
 .bss           0x00000000c00065a0       0x6c build/tss.o
 .bss           0x00000000c000660c        0x0 build/process.o
 .bss           0x00000000c000660c        0x0 build/syscall.o
 .bss           0x00000000c000660c        0x0 build/syscall-init.o
 .bss           0x00000000c000660c        0x0 build/stdio.o
 *(COMMON)
 *fill*         0x00000000c000660c       0x14 00
 COMMON         0x00000000c0006620      0x424 build/interrupt.o
                0x00000000c0006620                intr_name
                0x00000000c0006840                idt_table
 COMMON         0x00000000c0006a44        0x4 build/timer.o
                0x00000000c0006a44                ticks
 *fill*         0x00000000c0006a48       0x18 00
 COMMON         0x00000000c0006a60      0x12c build/memory.o
                0x00000000c0006a60                user_pool
                0x00000000c0006aa0                k_block_descs
                0x00000000c0006b48                kernel_vaddr
                0x00000000c0006b60                kernel_pool
 COMMON         0x00000000c0006b8c       0x40 build/thread.o
                0x00000000c0006b8c                thread_ready_list
                0x00000000c0006b9c                thread_all_list
                0x00000000c0006bac                main_thread
                0x00000000c0006bb0                pid_lock
 *fill*         0x00000000c0006bcc       0x14 00
 COMMON         0x00000000c0006be0       0x6c build/keyboard.o
                0x00000000c0006be0                kbd_buf
 *fill*         0x00000000c0006c4c       0x14 00
 COMMON         0x00000000c0006c60       0x80 build/syscall-init.o
                0x00000000c0006c60                syscall_table
                0x00000000c0006ce0                . = ALIGN ((. != 0x0)?0x4:0x1)

.sharable_bss   0x00000000c0007000        0x0
                0x00000000c0007000                PROVIDE (__sharable_bss_start, .)
 *(.dynsharablebss)
 *(.sharable_bss .sharable_bss.* .gnu.linkonce.shrb.*)
 *(SHARABLE_COMMON)
                0x00000000c0007000                . = ALIGN ((. != 0x0)?0x1000:0x1)
                0x00000000c0007000                PROVIDE (__sharable_bss_end, .)
                0x00000000c0007000                . = ALIGN (0x4)
                0x00000000c0007000                . = ALIGN (0x4)
                0x00000000c0007000                _end = .
                0x00000000c0007000                PROVIDE (end, .)
                0x00000000c0007000                . = DATA_SEGMENT_END (.)

.stab
 *(.stab)

.stabstr
 *(.stabstr)

.stab.excl
 *(.stab.excl)

.stab.exclstr
 *(.stab.exclstr)

.stab.index
 *(.stab.index)

.stab.indexstr
 *(.stab.indexstr)

.comment        0x0000000000000000       0x2d
 *(.comment)
 .comment       0x0000000000000000       0x2d build/main.o
                                         0x2e (size before relaxing)
 .comment       0x0000000000000000       0x2e build/init.o
 .comment       0x0000000000000000       0x2e build/interrupt.o
 .comment       0x0000000000000000       0x2e build/timer.o
 .comment       0x0000000000000000       0x2e build/debug.o
 .comment       0x0000000000000000       0x2e build/memory.o
 .comment       0x0000000000000000       0x2e build/bitmap.o
 .comment       0x0000000000000000       0x2e build/string.o
 .comment       0x0000000000000000       0x2e build/thread.o
 .comment       0x0000000000000000       0x2e build/list.o
 .comment       0x0000000000000000       0x2e build/console.o
 .comment       0x0000000000000000       0x2e build/sync.o
 .comment       0x0000000000000000       0x2e build/keyboard.o
 .comment       0x0000000000000000       0x2e build/ioqueue.o
 .comment       0x0000000000000000       0x2e build/tss.o
 .comment       0x0000000000000000       0x2e build/process.o
 .comment       0x0000000000000000       0x2e build/syscall.o
 .comment       0x0000000000000000       0x2e build/syscall-init.o
 .comment       0x0000000000000000       0x2e build/stdio.o

.debug
 *(.debug)

.line
 *(.line)

.debug_srcinfo
 *(.debug_srcinfo)

.debug_sfnames
 *(.debug_sfnames)

.debug_aranges
 *(.debug_aranges)

.debug_pubnames
 *(.debug_pubnames)

.debug_info
 *(.debug_info .gnu.linkonce.wi.*)

.debug_abbrev
 *(.debug_abbrev)

.debug_line
 *(.debug_line)

.debug_frame
 *(.debug_frame)

.debug_str
 *(.debug_str)

.debug_loc
 *(.debug_loc)

.debug_macinfo
 *(.debug_macinfo)

.debug_weaknames
 *(.debug_weaknames)

.debug_funcnames
 *(.debug_funcnames)

.debug_typenames
 *(.debug_typenames)

.debug_varnames
 *(.debug_varnames)

.debug_pubtypes
 *(.debug_pubtypes)

.debug_ranges
 *(.debug_ranges)

.gnu.attributes
 *(.gnu.attributes)

/DISCARD/
 *(.note.GNU-stack)
 *(.gnu_debuglink)
 *(.gnu.lto_*)
OUTPUT(build/kernel.bin elf32-i386)
