
Allocating common symbols
Common symbol       size              file

kbd_buf             0x6c              build/keyboard.o
thread_ready_list   0x10              build/thread.o
thread_all_list     0x10              build/thread.o
user_pool           0x2c              build/memory.o
k_block_descs       0xa8              build/memory.o
intr_name           0x204             build/interrupt.o
main_thread         0x4               build/thread.o
ticks               0x4               build/timer.o
kernel_vaddr        0xc               build/memory.o
syscall_table       0x80              build/syscall-init.o
idt_table           0x204             build/interrupt.o
kernel_pool         0x2c              build/memory.o
pid_lock            0x1c              build/thread.o

Discarded input sections

 .note.GNU-stack
                0x0000000000000000        0x0 build/main.o
 .note.GNU-stack
                0x0000000000000000        0x0 build/init.o
 .note.GNU-stack
                0x0000000000000000        0x0 build/interrupt.o
 .note.GNU-stack
                0x0000000000000000        0x0 build/timer.o
 .note.GNU-stack
                0x0000000000000000        0x0 build/debug.o
 .note.GNU-stack
                0x0000000000000000        0x0 build/memory.o
 .note.GNU-stack
                0x0000000000000000        0x0 build/bitmap.o
 .note.GNU-stack
                0x0000000000000000        0x0 build/string.o
 .note.GNU-stack
                0x0000000000000000        0x0 build/thread.o
 .note.GNU-stack
                0x0000000000000000        0x0 build/list.o
 .note.GNU-stack
                0x0000000000000000        0x0 build/console.o
 .note.GNU-stack
                0x0000000000000000        0x0 build/sync.o
 .note.GNU-stack
                0x0000000000000000        0x0 build/keyboard.o
 .note.GNU-stack
                0x0000000000000000        0x0 build/ioqueue.o
 .note.GNU-stack
                0x0000000000000000        0x0 build/tss.o
 .note.GNU-stack
                0x0000000000000000        0x0 build/process.o
 .note.GNU-stack
                0x0000000000000000        0x0 build/syscall.o
 .note.GNU-stack
                0x0000000000000000        0x0 build/syscall-init.o
 .note.GNU-stack
                0x0000000000000000        0x0 build/stdio.o

Memory Configuration

Name             Origin             Length             Attributes
*default*        0x0000000000000000 0xffffffffffffffff

Linker script and memory map

Address of section .text set to 0xc0001500
LOAD build/main.o
LOAD build/init.o
LOAD build/interrupt.o
LOAD build/timer.o
LOAD build/kernel.o
LOAD build/print.o
LOAD build/debug.o
LOAD build/memory.o
LOAD build/bitmap.o
LOAD build/string.o
LOAD build/thread.o
LOAD build/list.o
LOAD build/switch.o
LOAD build/console.o
LOAD build/sync.o
LOAD build/keyboard.o
LOAD build/ioqueue.o
LOAD build/tss.o
LOAD build/process.o
LOAD build/syscall.o
LOAD build/syscall-init.o
LOAD build/stdio.o
                0x0000000008048000                PROVIDE (__executable_start, 0x8048000)
                0x0000000008048094                . = (0x8048000 + SIZEOF_HEADERS)

.interp
 *(.interp)

.note.gnu.build-id
 *(.note.gnu.build-id)

.hash
 *(.hash)

.gnu.hash
 *(.gnu.hash)

.dynsym
 *(.dynsym)

.dynstr
 *(.dynstr)

.gnu.version
 *(.gnu.version)

.gnu.version_d
 *(.gnu.version_d)

.gnu.version_r
 *(.gnu.version_r)

.rel.dyn        0x0000000008048094        0x0
 *(.rel.init)
 *(.rel.text .rel.text.* .rel.gnu.linkonce.t.*)
 .rel.text      0x0000000000000000        0x0 build/main.o
 *(.rel.fini)
 *(.rel.rodata .rel.rodata.* .rel.gnu.linkonce.r.*)
 *(.rel.data.rel.ro* .rel.gnu.linkonce.d.rel.ro.*)
 *(.rel.data .rel.data.* .rel.gnu.linkonce.d.*)
 *(.rel.tdata .rel.tdata.* .rel.gnu.linkonce.td.*)
 *(.rel.tbss .rel.tbss.* .rel.gnu.linkonce.tb.*)
 *(.rel.ctors)
 *(.rel.dtors)
 *(.rel.got)
 *(.rel.sharable_data .rel.sharable_data.* .rel.gnu.linkonce.shrd.*)
 *(.rel.sharable_bss .rel.sharable_bss.* .rel.gnu.linkonce.shrb.*)
 *(.rel.bss .rel.bss.* .rel.gnu.linkonce.b.*)
 *(.rel.ifunc)

.rel.plt        0x0000000008048094        0x0
 *(.rel.plt)
                0x0000000008048094                PROVIDE (__rel_iplt_start, .)
 *(.rel.iplt)
 .rel.iplt      0x0000000000000000        0x0 build/main.o
                0x0000000008048094                PROVIDE (__rel_iplt_end, .)

.init
 *(.init)

.plt            0x0000000008048094        0x0
 *(.plt)
 *(.iplt)
 .iplt          0x0000000000000000        0x0 build/main.o

.text           0x00000000c0001500     0x4468
 *(.text.unlikely .text.*_unlikely)
 *(.text .stub .text.* .gnu.linkonce.t.*)
 .text          0x00000000c0001500      0x325 build/main.o
                0x00000000c0001500                main
                0x00000000c0001591                k_thread_a
                0x00000000c000164e                k_thread_b
                0x00000000c000170b                u_prog_a
                0x00000000c0001798                u_prog_b
 *fill*         0x00000000c0001825        0x3 90909090
 .text          0x00000000c0001828       0x3c build/init.o
                0x00000000c0001828                init_all
 .text          0x00000000c0001864      0x482 build/interrupt.o
                0x00000000c0001bd9                intr_enable
                0x00000000c0001c02                intr_disable
                0x00000000c0001c2b                intr_set_status
                0x00000000c0001c49                intr_get_status
                0x00000000c0001c6c                register_handler
                0x00000000c0001c88                idt_init
 *fill*         0x00000000c0001ce6        0x2 90909090
 .text          0x00000000c0001ce8      0x198 build/timer.o
                0x00000000c0001e20                timer_init
 .text          0x00000000c0001e80      0x672 build/kernel.o
                0x00000000c0001e80                intr_exit
                0x00000000c00024c8                syscall_handler
 *fill*         0x00000000c00024f2        0xe 90909090
 .text          0x00000000c0002500      0x1a0 build/print.o
                0x00000000c0002500                put_str
                0x00000000c0002524                put_char
                0x00000000c00025fb                put_int
                0x00000000c000267c                set_cursor
 .text          0x00000000c00026a0       0xa5 build/debug.o
                0x00000000c00026a0                panic_spin
 *fill*         0x00000000c0002745        0x3 90909090
 .text          0x00000000c0002748     0x110a build/memory.o
                0x00000000c000286e                pte_ptr
                0x00000000c000289f                pde_ptr
                0x00000000c0002a40                malloc_page
                0x00000000c0002b0a                get_kernel_pages
                0x00000000c0002b66                get_user_pages
                0x00000000c0002bc2                get_a_page
                0x00000000c0002d4c                addr_v2p
                0x00000000c0002da2                sys_malloc
                0x00000000c00030b2                pfree
                0x00000000c00031fa                mfree_page
                0x00000000c00033cf                sys_free
                0x00000000c0003794                block_desc_init
                0x00000000c0003811                mem_init
 *fill*         0x00000000c0003852        0x2 90909090
 .text          0x00000000c0003854      0x270 build/bitmap.o
                0x00000000c0003854                bitmap_init
                0x00000000c000387b                bitmap_scan_test
                0x00000000c00038bd                bitmap_scan
                0x00000000c0003a0b                bitmap_set
 .text          0x00000000c0003ac4      0x454 build/string.o
                0x00000000c0003ac4                memset
                0x00000000c0003b20                memcpy
                0x00000000c0003b88                memcmp
                0x00000000c0003c1e                strcpy
                0x00000000c0003c81                strlen
                0x00000000c0003cdb                strcmp
                0x00000000c0003d62                strchr
                0x00000000c0003dc8                strrchr
                0x00000000c0003e31                strcat
                0x00000000c0003eab                strchrs
 .text          0x00000000c0003f18      0x5eb build/thread.o
                0x00000000c0003f18                running_thread
                0x00000000c0003f7a                thread_create
                0x00000000c0003ff0                init_thread
                0x00000000c000409a                thread_start
                0x00000000c0004215                schedule
                0x00000000c0004348                thread_block
                0x00000000c00043af                thread_unblock
                0x00000000c00044ba                thread_init
 *fill*         0x00000000c0004503        0x1 90909090
 .text          0x00000000c0004504      0x1e4 build/list.o
                0x00000000c0004504                list_init
                0x00000000c0004531                list_insert_before
                0x00000000c0004572                list_push
                0x00000000c000458f                list_append
                0x00000000c00045ac                list_remove
                0x00000000c00045e2                list_pop
                0x00000000c0004601                elem_find
                0x00000000c000463c                list_traversal
                0x00000000c000469a                list_len
                0x00000000c00046cf                list_empty
 *fill*         0x00000000c00046e8        0x8 90909090
 .text          0x00000000c00046f0       0x15 build/switch.o
                0x00000000c00046f0                switch_to
 *fill*         0x00000000c0004705        0x3 90909090
 .text          0x00000000c0004708       0x9a build/console.o
                0x00000000c0004708                console_init
                0x00000000c000471c                console_acquire
                0x00000000c0004730                console_release
                0x00000000c0004744                console_put_str
                0x00000000c0004761                console_put_char
                0x00000000c0004785                console_put_int
 *fill*         0x00000000c00047a2        0x2 90909090
 .text          0x00000000c00047a4      0x347 build/sync.o
                0x00000000c00047a4                sema_init
                0x00000000c00047c9                lock_init
                0x00000000c00047fa                sema_down
                0x00000000c000490e                sema_up
                0x00000000c00049c4                lock_acquire
                0x00000000c0004a40                lock_release
 *fill*         0x00000000c0004aeb        0x1 90909090
 .text          0x00000000c0004aec      0x2ec build/keyboard.o
                0x00000000c0004d98                keyboard_init
 .text          0x00000000c0004dd8      0x2f1 build/ioqueue.o
                0x00000000c0004dd8                ioqueue_init
                0x00000000c0004e35                ioq_full
                0x00000000c0004f6b                ioq_getchar
                0x00000000c0005019                ioq_putchar
 *fill*         0x00000000c00050c9        0x3 90909090
 .text          0x00000000c00050cc      0x1a9 build/tss.o
                0x00000000c00050cc                update_tss_esp
                0x00000000c0005147                tss_init
 *fill*         0x00000000c0005275        0x3 90909090
 .text          0x00000000c0005278      0x367 build/process.o
                0x00000000c0005278                start_process
                0x00000000c000537e                page_dir_activate
                0x00000000c00053ae                process_activate
                0x00000000c0005400                create_page_dir
                0x00000000c0005471                create_user_vaddr_bitmap
                0x00000000c00054b5                process_execute
 *fill*         0x00000000c00055df        0x1 90909090
 .text          0x00000000c00055e0       0x6f build/syscall.o
                0x00000000c00055e0                getpid
                0x00000000c00055f5                write
                0x00000000c0005614                malloc
                0x00000000c0005633                free
 *fill*         0x00000000c000564f        0x1 90909090
 .text          0x00000000c0005650       0x78 build/syscall-init.o
                0x00000000c0005650                sys_getpid
                0x00000000c0005662                sys_write
                0x00000000c0005680                syscall_init
 .text          0x00000000c00056c8      0x2a0 build/stdio.o
                0x00000000c000574e                vsprintf
                0x00000000c00058d2                sprintf
                0x00000000c0005906                printf
 *(.gnu.warning)

.fini
 *(.fini)
                0x00000000c0005968                PROVIDE (__etext, .)
                0x00000000c0005968                PROVIDE (_etext, .)
                0x00000000c0005968                PROVIDE (etext, .)

.rodata         0x00000000c0005968      0xf20
 *(.rodata .rodata.* .gnu.linkonce.r.*)
 .rodata        0x00000000c0005968       0xcc build/main.o
 .rodata        0x00000000c0005a34        0xa build/init.o
 *fill*         0x00000000c0005a3e        0x2 00
 .rodata        0x00000000c0005a40      0x2cd build/interrupt.o
 *fill*         0x00000000c0005d0d        0x3 00
 .rodata        0x00000000c0005d10       0x6b build/timer.o
 .rodata        0x00000000c0005d7b       0x3f build/debug.o
 *fill*         0x00000000c0005dba        0x2 00
 .rodata        0x00000000c0005dbc      0x3b5 build/memory.o
 *fill*         0x00000000c0006171        0x3 00
 .rodata        0x00000000c0006174       0x68 build/bitmap.o
 .rodata        0x00000000c00061dc       0xb9 build/string.o
 *fill*         0x00000000c0006295        0x3 00
 .rodata        0x00000000c0006298      0x2be build/thread.o
 *fill*         0x00000000c0006556        0x2 00
 .rodata        0x00000000c0006558      0x12f build/sync.o
 .rodata        0x00000000c0006687       0x36 build/keyboard.o
 *fill*         0x00000000c00066bd        0x3 00
 .rodata        0x00000000c00066c0       0x9d build/ioqueue.o
 .rodata        0x00000000c000675d       0x27 build/tss.o
 .rodata        0x00000000c0006784       0xdd build/process.o
 .rodata        0x00000000c0006861       0x27 build/syscall-init.o

.rodata1
 *(.rodata1)

.eh_frame_hdr
 *(.eh_frame_hdr)

.eh_frame
 *(.eh_frame)

.gcc_except_table
 *(.gcc_except_table .gcc_except_table.*)
                0x00000000c0006888                . = (ALIGN (0x1000) - ((0x1000 - .) & 0xfff))
                0x00000000c0007000                . = (0x1000 DATA_SEGMENT_ALIGN 0x1000)

.eh_frame
 *(.eh_frame)

.gcc_except_table
 *(.gcc_except_table .gcc_except_table.*)

.tdata
 *(.tdata .tdata.* .gnu.linkonce.td.*)

.tbss
 *(.tbss .tbss.* .gnu.linkonce.tb.*)
 *(.tcommon)

.preinit_array  0x00000000c0007000        0x0
                0x00000000c0007000                PROVIDE (__preinit_array_start, .)
 *(.preinit_array)
                0x00000000c0007000                PROVIDE (__preinit_array_end, .)

.init_array     0x00000000c0007000        0x0
                0x00000000c0007000                PROVIDE (__init_array_start, .)
 *(SORT(.init_array.*))
 *(.init_array)
                0x00000000c0007000                PROVIDE (__init_array_end, .)

.fini_array     0x00000000c0007000        0x0
                0x00000000c0007000                PROVIDE (__fini_array_start, .)
 *(.fini_array)
 *(SORT(.fini_array.*))
                0x00000000c0007000                PROVIDE (__fini_array_end, .)

.ctors
 *crtbegin.o(.ctors)
 *crtbegin?.o(.ctors)
 *(EXCLUDE_FILE(*crtend?.o *crtend.o) .ctors)
 *(SORT(.ctors.*))
 *(.ctors)

.dtors
 *crtbegin.o(.dtors)
 *crtbegin?.o(.dtors)
 *(EXCLUDE_FILE(*crtend?.o *crtend.o) .dtors)
 *(SORT(.dtors.*))
 *(.dtors)

.jcr
 *(.jcr)

.data.rel.ro
 *(.data.rel.ro.local* .gnu.linkonce.d.rel.ro.local.*)
 *(.data.rel.ro* .gnu.linkonce.d.rel.ro.*)

.dynamic
 *(.dynamic)

.got
 *(.got)
 *(.igot)
                0x00000000c0007000                . = (. DATA_SEGMENT_RELRO_END 0xc)

.got.plt        0x00000000c0007000        0x0
 *(.got.plt)
 *(.igot.plt)
 .igot.plt      0x0000000000000000        0x0 build/main.o

.data           0x00000000c0007000      0x158
 *(.data .data.* .gnu.linkonce.d.*)
 .data          0x00000000c0007000        0x0 build/main.o
 .data          0x00000000c0007000        0x0 build/init.o
 .data          0x00000000c0007000        0x0 build/interrupt.o
 .data          0x00000000c0007000        0x0 build/timer.o
 .data          0x00000000c0007000       0xc0 build/kernel.o
                0x00000000c0007000                intr_entry_table
 .data          0x00000000c00070c0        0x8 build/print.o
 .data          0x00000000c00070c8        0x0 build/debug.o
 .data          0x00000000c00070c8        0x0 build/memory.o
 .data          0x00000000c00070c8        0x0 build/bitmap.o
 .data          0x00000000c00070c8        0x0 build/string.o
 .data          0x00000000c00070c8        0x0 build/thread.o
 .data          0x00000000c00070c8        0x0 build/list.o
 .data          0x00000000c00070c8        0x0 build/console.o
 .data          0x00000000c00070c8        0x0 build/sync.o
 *fill*         0x00000000c00070c8       0x18 00
 .data          0x00000000c00070e0       0x76 build/keyboard.o
 *fill*         0x00000000c0007156        0x2 00
 .data          0x00000000c0007158        0x0 build/ioqueue.o
 .data          0x00000000c0007158        0x0 build/tss.o
 .data          0x00000000c0007158        0x0 build/process.o
 .data          0x00000000c0007158        0x0 build/syscall.o
 .data          0x00000000c0007158        0x0 build/syscall-init.o
 .data          0x00000000c0007158        0x0 build/stdio.o

.data1
 *(.data1)

.sharable_data  0x00000000c0008000        0x0
                0x00000000c0008000                PROVIDE (__sharable_data_start, .)
 *(.sharable_data .sharable_data.* .gnu.linkonce.shrd.*)
                0x00000000c0008000                . = ALIGN ((. != 0x0)?0x1000:0x1)
                0x00000000c0008000                PROVIDE (__sharable_data_end, .)
                0x00000000c0008000                _edata = .
                0x00000000c0008000                PROVIDE (edata, .)
                0x00000000c0008000                __bss_start = .

.bss            0x00000000c0007160      0xb80
 *(.dynbss)
 *(.bss .bss.* .gnu.linkonce.b.*)
 .bss           0x00000000c0007160        0x0 build/main.o
 .bss           0x00000000c0007160        0x0 build/init.o
 .bss           0x00000000c0007160      0x408 build/interrupt.o
 .bss           0x00000000c0007568        0x0 build/timer.o
 .bss           0x00000000c0007568        0x0 build/debug.o
 .bss           0x00000000c0007568        0x0 build/memory.o
 .bss           0x00000000c0007568        0x0 build/bitmap.o
 .bss           0x00000000c0007568        0x0 build/string.o
 .bss           0x00000000c0007568        0x6 build/thread.o
 *fill*         0x00000000c000756e        0x2 00
 .bss           0x00000000c0007570        0x0 build/list.o
 .bss           0x00000000c0007570       0x1c build/console.o
 .bss           0x00000000c000758c        0x0 build/sync.o
 .bss           0x00000000c000758c       0x14 build/keyboard.o
 .bss           0x00000000c00075a0        0x0 build/ioqueue.o
 .bss           0x00000000c00075a0       0x6c build/tss.o
 .bss           0x00000000c000760c        0x0 build/process.o
 .bss           0x00000000c000760c        0x0 build/syscall.o
 .bss           0x00000000c000760c        0x0 build/syscall-init.o
 .bss           0x00000000c000760c        0x0 build/stdio.o
 *(COMMON)
 *fill*         0x00000000c000760c       0x14 00
 COMMON         0x00000000c0007620      0x424 build/interrupt.o
                0x00000000c0007620                intr_name
                0x00000000c0007840                idt_table
 COMMON         0x00000000c0007a44        0x4 build/timer.o
                0x00000000c0007a44                ticks
 *fill*         0x00000000c0007a48       0x18 00
 COMMON         0x00000000c0007a60      0x12c build/memory.o
                0x00000000c0007a60                user_pool
                0x00000000c0007aa0                k_block_descs
                0x00000000c0007b48                kernel_vaddr
                0x00000000c0007b60                kernel_pool
 COMMON         0x00000000c0007b8c       0x40 build/thread.o
                0x00000000c0007b8c                thread_ready_list
                0x00000000c0007b9c                thread_all_list
                0x00000000c0007bac                main_thread
                0x00000000c0007bb0                pid_lock
 *fill*         0x00000000c0007bcc       0x14 00
 COMMON         0x00000000c0007be0       0x6c build/keyboard.o
                0x00000000c0007be0                kbd_buf
 *fill*         0x00000000c0007c4c       0x14 00
 COMMON         0x00000000c0007c60       0x80 build/syscall-init.o
                0x00000000c0007c60                syscall_table
                0x00000000c0007ce0                . = ALIGN ((. != 0x0)?0x4:0x1)

.sharable_bss   0x00000000c0008000        0x0
                0x00000000c0008000                PROVIDE (__sharable_bss_start, .)
 *(.dynsharablebss)
 *(.sharable_bss .sharable_bss.* .gnu.linkonce.shrb.*)
 *(SHARABLE_COMMON)
                0x00000000c0008000                . = ALIGN ((. != 0x0)?0x1000:0x1)
                0x00000000c0008000                PROVIDE (__sharable_bss_end, .)
                0x00000000c0008000                . = ALIGN (0x4)
                0x00000000c0008000                . = ALIGN (0x4)
                0x00000000c0008000                _end = .
                0x00000000c0008000                PROVIDE (end, .)
                0x00000000c0008000                . = DATA_SEGMENT_END (.)

.stab
 *(.stab)

.stabstr
 *(.stabstr)

.stab.excl
 *(.stab.excl)

.stab.exclstr
 *(.stab.exclstr)

.stab.index
 *(.stab.index)

.stab.indexstr
 *(.stab.indexstr)

.comment        0x0000000000000000       0x2d
 *(.comment)
 .comment       0x0000000000000000       0x2d build/main.o
                                         0x2e (size before relaxing)
 .comment       0x0000000000000000       0x2e build/init.o
 .comment       0x0000000000000000       0x2e build/interrupt.o
 .comment       0x0000000000000000       0x2e build/timer.o
 .comment       0x0000000000000000       0x2e build/debug.o
 .comment       0x0000000000000000       0x2e build/memory.o
 .comment       0x0000000000000000       0x2e build/bitmap.o
 .comment       0x0000000000000000       0x2e build/string.o
 .comment       0x0000000000000000       0x2e build/thread.o
 .comment       0x0000000000000000       0x2e build/list.o
 .comment       0x0000000000000000       0x2e build/console.o
 .comment       0x0000000000000000       0x2e build/sync.o
 .comment       0x0000000000000000       0x2e build/keyboard.o
 .comment       0x0000000000000000       0x2e build/ioqueue.o
 .comment       0x0000000000000000       0x2e build/tss.o
 .comment       0x0000000000000000       0x2e build/process.o
 .comment       0x0000000000000000       0x2e build/syscall.o
 .comment       0x0000000000000000       0x2e build/syscall-init.o
 .comment       0x0000000000000000       0x2e build/stdio.o

.debug
 *(.debug)

.line
 *(.line)

.debug_srcinfo
 *(.debug_srcinfo)

.debug_sfnames
 *(.debug_sfnames)

.debug_aranges
 *(.debug_aranges)

.debug_pubnames
 *(.debug_pubnames)

.debug_info
 *(.debug_info .gnu.linkonce.wi.*)

.debug_abbrev
 *(.debug_abbrev)

.debug_line
 *(.debug_line)

.debug_frame
 *(.debug_frame)

.debug_str
 *(.debug_str)

.debug_loc
 *(.debug_loc)

.debug_macinfo
 *(.debug_macinfo)

.debug_weaknames
 *(.debug_weaknames)

.debug_funcnames
 *(.debug_funcnames)

.debug_typenames
 *(.debug_typenames)

.debug_varnames
 *(.debug_varnames)

.debug_pubtypes
 *(.debug_pubtypes)

.debug_ranges
 *(.debug_ranges)

.gnu.attributes
 *(.gnu.attributes)

/DISCARD/
 *(.note.GNU-stack)
 *(.gnu_debuglink)
 *(.gnu.lto_*)
OUTPUT(build/kernel.bin elf32-i386)
