
Allocating common symbols
Common symbol       size              file

kbd_buf             0x6c              build/keyboard.o
root_dir            0x208             build/dir.o
thread_ready_list   0x10              build/thread.o
thread_all_list     0x10              build/thread.o
user_pool           0x2c              build/memory.o
channel_cnt         0x1               build/ide.o
cur_part            0x4               build/fs.o
k_block_descs       0xa8              build/memory.o
idle_thread         0x4               build/thread.o
intr_name           0x204             build/interrupt.o
main_thread         0x4               build/thread.o
channels            0xcc0             build/ide.o
ticks               0x4               build/timer.o
kernel_vaddr        0xc               build/memory.o
syscall_table       0x80              build/syscall-init.o
idt_table           0x204             build/interrupt.o
file_table          0x180             build/file.o
partition_list      0x10              build/ide.o
kernel_pool         0x2c              build/memory.o
pid_lock            0x1c              build/thread.o

Discarded input sections

 .note.GNU-stack
                0x0000000000000000        0x0 build/main.o
 .note.GNU-stack
                0x0000000000000000        0x0 build/init.o
 .note.GNU-stack
                0x0000000000000000        0x0 build/interrupt.o
 .note.GNU-stack
                0x0000000000000000        0x0 build/timer.o
 .note.GNU-stack
                0x0000000000000000        0x0 build/debug.o
 .note.GNU-stack
                0x0000000000000000        0x0 build/memory.o
 .note.GNU-stack
                0x0000000000000000        0x0 build/bitmap.o
 .note.GNU-stack
                0x0000000000000000        0x0 build/string.o
 .note.GNU-stack
                0x0000000000000000        0x0 build/thread.o
 .note.GNU-stack
                0x0000000000000000        0x0 build/list.o
 .note.GNU-stack
                0x0000000000000000        0x0 build/console.o
 .note.GNU-stack
                0x0000000000000000        0x0 build/sync.o
 .note.GNU-stack
                0x0000000000000000        0x0 build/keyboard.o
 .note.GNU-stack
                0x0000000000000000        0x0 build/ioqueue.o
 .note.GNU-stack
                0x0000000000000000        0x0 build/tss.o
 .note.GNU-stack
                0x0000000000000000        0x0 build/process.o
 .note.GNU-stack
                0x0000000000000000        0x0 build/syscall.o
 .note.GNU-stack
                0x0000000000000000        0x0 build/syscall-init.o
 .note.GNU-stack
                0x0000000000000000        0x0 build/stdio.o
 .note.GNU-stack
                0x0000000000000000        0x0 build/ide.o
 .note.GNU-stack
                0x0000000000000000        0x0 build/stdio-kernel.o
 .note.GNU-stack
                0x0000000000000000        0x0 build/fs.o
 .note.GNU-stack
                0x0000000000000000        0x0 build/inode.o
 .note.GNU-stack
                0x0000000000000000        0x0 build/file.o
 .note.GNU-stack
                0x0000000000000000        0x0 build/dir.o
 .note.GNU-stack
                0x0000000000000000        0x0 build/fork.o

Memory Configuration

Name             Origin             Length             Attributes
*default*        0x0000000000000000 0xffffffffffffffff

Linker script and memory map

Address of section .text set to 0xc0001500
LOAD build/main.o
LOAD build/init.o
LOAD build/interrupt.o
LOAD build/timer.o
LOAD build/kernel.o
LOAD build/print.o
LOAD build/debug.o
LOAD build/memory.o
LOAD build/bitmap.o
LOAD build/string.o
LOAD build/thread.o
LOAD build/list.o
LOAD build/switch.o
LOAD build/console.o
LOAD build/sync.o
LOAD build/keyboard.o
LOAD build/ioqueue.o
LOAD build/tss.o
LOAD build/process.o
LOAD build/syscall.o
LOAD build/syscall-init.o
LOAD build/stdio.o
LOAD build/ide.o
LOAD build/stdio-kernel.o
LOAD build/fs.o
LOAD build/inode.o
LOAD build/file.o
LOAD build/dir.o
LOAD build/fork.o
                0x0000000008048000                PROVIDE (__executable_start, 0x8048000)
                0x0000000008048094                . = (0x8048000 + SIZEOF_HEADERS)

.interp
 *(.interp)

.note.gnu.build-id
 *(.note.gnu.build-id)

.hash
 *(.hash)

.gnu.hash
 *(.gnu.hash)

.dynsym
 *(.dynsym)

.dynstr
 *(.dynstr)

.gnu.version
 *(.gnu.version)

.gnu.version_d
 *(.gnu.version_d)

.gnu.version_r
 *(.gnu.version_r)

.rel.dyn        0x0000000008048094        0x0
 *(.rel.init)
 *(.rel.text .rel.text.* .rel.gnu.linkonce.t.*)
 .rel.text      0x0000000000000000        0x0 build/main.o
 *(.rel.fini)
 *(.rel.rodata .rel.rodata.* .rel.gnu.linkonce.r.*)
 *(.rel.data.rel.ro* .rel.gnu.linkonce.d.rel.ro.*)
 *(.rel.data .rel.data.* .rel.gnu.linkonce.d.*)
 *(.rel.tdata .rel.tdata.* .rel.gnu.linkonce.td.*)
 *(.rel.tbss .rel.tbss.* .rel.gnu.linkonce.tb.*)
 *(.rel.ctors)
 *(.rel.dtors)
 *(.rel.got)
 *(.rel.sharable_data .rel.sharable_data.* .rel.gnu.linkonce.shrd.*)
 *(.rel.sharable_bss .rel.sharable_bss.* .rel.gnu.linkonce.shrb.*)
 *(.rel.bss .rel.bss.* .rel.gnu.linkonce.b.*)
 *(.rel.ifunc)

.rel.plt        0x0000000008048094        0x0
 *(.rel.plt)
                0x0000000008048094                PROVIDE (__rel_iplt_start, .)
 *(.rel.iplt)
 .rel.iplt      0x0000000000000000        0x0 build/main.o
                0x0000000008048094                PROVIDE (__rel_iplt_end, .)

.init
 *(.init)

.plt            0x0000000008048094        0x0
 *(.plt)
 *(.iplt)
 .iplt          0x0000000000000000        0x0 build/main.o

.text           0x00000000c0001500     0xa19f
 *(.text.unlikely .text.*_unlikely)
 *(.text .stub .text.* .gnu.linkonce.t.*)
 .text          0x00000000c0001500       0x6d build/main.o
                0x00000000c0001500                main
                0x00000000c000151c                init
 *fill*         0x00000000c000156d        0x3 90909090
 .text          0x00000000c0001570       0x4b build/init.o
                0x00000000c0001570                init_all
 *fill*         0x00000000c00015bb        0x1 90909090
 .text          0x00000000c00015bc      0x482 build/interrupt.o
                0x00000000c0001931                intr_enable
                0x00000000c000195a                intr_disable
                0x00000000c0001983                intr_set_status
                0x00000000c00019a1                intr_get_status
                0x00000000c00019c4                register_handler
                0x00000000c00019e0                idt_init
 *fill*         0x00000000c0001a3e        0x2 90909090
 .text          0x00000000c0001a40      0x214 build/timer.o
                0x00000000c0001b9c                mtime_sleep
                0x00000000c0001bf4                timer_init
 *fill*         0x00000000c0001c54        0xc 90909090
 .text          0x00000000c0001c60      0x672 build/kernel.o
                0x00000000c0001c60                intr_exit
                0x00000000c00022a8                syscall_handler
 *fill*         0x00000000c00022d2        0xe 90909090
 .text          0x00000000c00022e0      0x1a0 build/print.o
                0x00000000c00022e0                put_str
                0x00000000c0002304                put_char
                0x00000000c00023db                put_int
                0x00000000c000245c                set_cursor
 .text          0x00000000c0002480       0xa5 build/debug.o
                0x00000000c0002480                panic_spin
 *fill*         0x00000000c0002525        0x3 90909090
 .text          0x00000000c0002528     0x1185 build/memory.o
                0x00000000c000264e                pte_ptr
                0x00000000c000267f                pde_ptr
                0x00000000c0002820                malloc_page
                0x00000000c00028ea                get_kernel_pages
                0x00000000c0002946                get_user_pages
                0x00000000c00029a2                get_a_page
                0x00000000c0002b2c                get_a_page_without_opvaddrbitmap
                0x00000000c0002ba7                addr_v2p
                0x00000000c0002bfd                sys_malloc
                0x00000000c0002f0d                pfree
                0x00000000c0003055                mfree_page
                0x00000000c000322a                sys_free
                0x00000000c00035ef                block_desc_init
                0x00000000c000366c                mem_init
 *fill*         0x00000000c00036ad        0x3 90909090
 .text          0x00000000c00036b0      0x270 build/bitmap.o
                0x00000000c00036b0                bitmap_init
                0x00000000c00036d7                bitmap_scan_test
                0x00000000c0003719                bitmap_scan
                0x00000000c0003867                bitmap_set
 .text          0x00000000c0003920      0x454 build/string.o
                0x00000000c0003920                memset
                0x00000000c000397c                memcpy
                0x00000000c00039e4                memcmp
                0x00000000c0003a7a                strcpy
                0x00000000c0003add                strlen
                0x00000000c0003b37                strcmp
                0x00000000c0003bbe                strchr
                0x00000000c0003c24                strrchr
                0x00000000c0003c8d                strcat
                0x00000000c0003d07                strchrs
 .text          0x00000000c0003d74      0x750 build/thread.o
                0x00000000c0003d8a                running_thread
                0x00000000c0003dec                fork_pid
                0x00000000c0003df9                thread_create
                0x00000000c0003e6f                init_thread
                0x00000000c0003f7b                thread_start
                0x00000000c00040f6                schedule
                0x00000000c0004246                thread_block
                0x00000000c00042ad                thread_unblock
                0x00000000c00043b8                thread_yield
                0x00000000c000443e                thread_init
 .text          0x00000000c00044c4      0x1e4 build/list.o
                0x00000000c00044c4                list_init
                0x00000000c00044f1                list_insert_before
                0x00000000c0004532                list_push
                0x00000000c000454f                list_append
                0x00000000c000456c                list_remove
                0x00000000c00045a2                list_pop
                0x00000000c00045c1                elem_find
                0x00000000c00045fc                list_traversal
                0x00000000c000465a                list_len
                0x00000000c000468f                list_empty
 *fill*         0x00000000c00046a8        0x8 90909090
 .text          0x00000000c00046b0       0x15 build/switch.o
                0x00000000c00046b0                switch_to
 *fill*         0x00000000c00046c5        0x3 90909090
 .text          0x00000000c00046c8       0x9a build/console.o
                0x00000000c00046c8                console_init
                0x00000000c00046dc                console_acquire
                0x00000000c00046f0                console_release
                0x00000000c0004704                console_put_str
                0x00000000c0004721                console_put_char
                0x00000000c0004745                console_put_int
 *fill*         0x00000000c0004762        0x2 90909090
 .text          0x00000000c0004764      0x347 build/sync.o
                0x00000000c0004764                sema_init
                0x00000000c0004789                lock_init
                0x00000000c00047ba                sema_down
                0x00000000c00048ce                sema_up
                0x00000000c0004984                lock_acquire
                0x00000000c0004a00                lock_release
 *fill*         0x00000000c0004aab        0x1 90909090
 .text          0x00000000c0004aac      0x2ec build/keyboard.o
                0x00000000c0004d58                keyboard_init
 .text          0x00000000c0004d98      0x2f1 build/ioqueue.o
                0x00000000c0004d98                ioqueue_init
                0x00000000c0004df5                ioq_full
                0x00000000c0004f2b                ioq_getchar
                0x00000000c0004fd9                ioq_putchar
 *fill*         0x00000000c0005089        0x3 90909090
 .text          0x00000000c000508c      0x1a9 build/tss.o
                0x00000000c000508c                update_tss_esp
                0x00000000c0005107                tss_init
 *fill*         0x00000000c0005235        0x3 90909090
 .text          0x00000000c0005238      0x367 build/process.o
                0x00000000c0005238                start_process
                0x00000000c000533e                page_dir_activate
                0x00000000c000536e                process_activate
                0x00000000c00053c0                create_page_dir
                0x00000000c0005431                create_user_vaddr_bitmap
                0x00000000c0005475                process_execute
 *fill*         0x00000000c000559f        0x1 90909090
 .text          0x00000000c00055a0       0x88 build/syscall.o
                0x00000000c00055a0                getpid
                0x00000000c00055b5                write
                0x00000000c00055d8                malloc
                0x00000000c00055f7                free
                0x00000000c0005613                fork
 .text          0x00000000c0005628       0x64 build/syscall-init.o
                0x00000000c0005628                sys_getpid
                0x00000000c000563a                syscall_init
 .text          0x00000000c000568c      0x2ba build/stdio.o
                0x00000000c0005712                vsprintf
                0x00000000c0005896                sprintf
                0x00000000c00058ca                printf
 *fill*         0x00000000c0005946        0x2 90909090
 .text          0x00000000c0005948      0xdfc build/ide.o
                0x00000000c0005c62                ide_read
                0x00000000c0005df4                ide_write
                0x00000000c0006485                intr_hd_handler
                0x00000000c0006546                ide_init
 .text          0x00000000c0006744       0x62 build/stdio-kernel.o
                0x00000000c0006744                printk
 *fill*         0x00000000c00067a6        0x2 90909090
 .text          0x00000000c00067a8     0x20f1 build/fs.o
                0x00000000c0006f08                path_depth_cnt
                0x00000000c0007230                sys_open
                0x00000000c00074d9                sys_close
                0x00000000c000752e                sys_write
                0x00000000c0007618                sys_read
                0x00000000c0007699                sys_lseek
                0x00000000c0007781                sys_unlink
                0x00000000c00079a2                sys_mkdir
                0x00000000c0007dcf                sys_opendir
                0x00000000c0007ee7                sys_closedir
                0x00000000c0007f11                sys_readdir
                0x00000000c0007f4e                sys_rewinddir
                0x00000000c0007f5d                sys_rmdir
                0x00000000c0008307                sys_getcwd
                0x00000000c00084f4                sys_chdir
                0x00000000c0008582                sys_stat
                0x00000000c00086a9                filesys_init
 *fill*         0x00000000c0008899        0x3 90909090
 .text          0x00000000c000889c      0x80f build/inode.o
                0x00000000c0008940                inode_sync
                0x00000000c0008ab1                inode_open
                0x00000000c0008c0a                inode_close
                0x00000000c0008c7b                inode_delete
                0x00000000c0008ddd                inode_release
                0x00000000c000905c                inode_init
 *fill*         0x00000000c00090ab        0x1 90909090
 .text          0x00000000c00090ac     0x11aa build/file.o
                0x00000000c00090ac                get_free_slot_in_global
                0x00000000c00090fc                pcb_fd_install
                0x00000000c000915f                inode_bitmap_alloc
                0x00000000c00091ad                block_bitmap_alloc
                0x00000000c0009207                bitmap_sync
                0x00000000c0009292                file_create
                0x00000000c0009561                file_open
                0x00000000c000966a                file_close
                0x00000000c00096a9                file_write
                0x00000000c0009e7d                file_read
 *fill*         0x00000000c000a256        0x2 90909090
 .text          0x00000000c000a258      0xf13 build/dir.o
                0x00000000c000a258                open_root_dir
                0x00000000c000a287                dir_open
                0x00000000c000a2c2                search_dir_entry
                0x00000000c000a492                dir_close
                0x00000000c000a4be                create_dir_entry
                0x00000000c000a534                sync_dir_entry
                0x00000000c000a9a4                delete_dir_entry
                0x00000000c000ae6b                dir_read
                0x00000000c000b077                dir_is_empty
                0x00000000c000b0a2                dir_remove
 *fill*         0x00000000c000b16b        0x1 90909090
 .text          0x00000000c000b16c      0x533 build/fork.o
                0x00000000c000b569                sys_fork
 *(.gnu.warning)

.fini
 *(.fini)
                0x00000000c000b69f                PROVIDE (__etext, .)
                0x00000000c000b69f                PROVIDE (_etext, .)
                0x00000000c000b69f                PROVIDE (etext, .)

.rodata         0x00000000c000b6a0     0x2196
 *(.rodata .rodata.* .gnu.linkonce.r.*)
 .rodata        0x00000000c000b6a0       0x65 build/main.o
 .rodata        0x00000000c000b705        0xa build/init.o
 *fill*         0x00000000c000b70f        0x1 00
 .rodata        0x00000000c000b710      0x2cd build/interrupt.o
 *fill*         0x00000000c000b9dd        0x3 00
 .rodata        0x00000000c000b9e0       0x87 build/timer.o
 .rodata        0x00000000c000ba67       0x3f build/debug.o
 *fill*         0x00000000c000baa6        0x2 00
 .rodata        0x00000000c000baa8      0x3b5 build/memory.o
 *fill*         0x00000000c000be5d        0x3 00
 .rodata        0x00000000c000be60       0x68 build/bitmap.o
 .rodata        0x00000000c000bec8       0xb9 build/string.o
 *fill*         0x00000000c000bf81        0x3 00
 .rodata        0x00000000c000bf84      0x2d5 build/thread.o
 *fill*         0x00000000c000c259        0x3 00
 .rodata        0x00000000c000c25c      0x12f build/sync.o
 .rodata        0x00000000c000c38b       0x36 build/keyboard.o
 *fill*         0x00000000c000c3c1        0x3 00
 .rodata        0x00000000c000c3c4       0x9d build/ioqueue.o
 .rodata        0x00000000c000c461       0x27 build/tss.o
 .rodata        0x00000000c000c488       0xdd build/process.o
 .rodata        0x00000000c000c565       0x27 build/syscall-init.o
 .rodata        0x00000000c000c58c      0x1ef build/ide.o
 *fill*         0x00000000c000c77b        0x1 00
 .rodata        0x00000000c000c77c      0x89a build/fs.o
 *fill*         0x00000000c000d016        0x2 00
 .rodata        0x00000000c000d018       0xbb build/inode.o
 *fill*         0x00000000c000d0d3        0x1 00
 .rodata        0x00000000c000d0d4      0x41c build/file.o
 .rodata        0x00000000c000d4f0      0x203 build/dir.o
 *fill*         0x00000000c000d6f3        0x1 00
 .rodata        0x00000000c000d6f4      0x142 build/fork.o

.rodata1
 *(.rodata1)

.eh_frame_hdr
 *(.eh_frame_hdr)

.eh_frame
 *(.eh_frame)

.gcc_except_table
 *(.gcc_except_table .gcc_except_table.*)
                0x00000000c000d836                . = (ALIGN (0x1000) - ((0x1000 - .) & 0xfff))
                0x00000000c000e000                . = (0x1000 DATA_SEGMENT_ALIGN 0x1000)

.eh_frame
 *(.eh_frame)

.gcc_except_table
 *(.gcc_except_table .gcc_except_table.*)

.tdata
 *(.tdata .tdata.* .gnu.linkonce.td.*)

.tbss
 *(.tbss .tbss.* .gnu.linkonce.tb.*)
 *(.tcommon)

.preinit_array  0x00000000c000e000        0x0
                0x00000000c000e000                PROVIDE (__preinit_array_start, .)
 *(.preinit_array)
                0x00000000c000e000                PROVIDE (__preinit_array_end, .)

.init_array     0x00000000c000e000        0x0
                0x00000000c000e000                PROVIDE (__init_array_start, .)
 *(SORT(.init_array.*))
 *(.init_array)
                0x00000000c000e000                PROVIDE (__init_array_end, .)

.fini_array     0x00000000c000e000        0x0
                0x00000000c000e000                PROVIDE (__fini_array_start, .)
 *(.fini_array)
 *(SORT(.fini_array.*))
                0x00000000c000e000                PROVIDE (__fini_array_end, .)

.ctors
 *crtbegin.o(.ctors)
 *crtbegin?.o(.ctors)
 *(EXCLUDE_FILE(*crtend?.o *crtend.o) .ctors)
 *(SORT(.ctors.*))
 *(.ctors)

.dtors
 *crtbegin.o(.dtors)
 *crtbegin?.o(.dtors)
 *(EXCLUDE_FILE(*crtend?.o *crtend.o) .dtors)
 *(SORT(.dtors.*))
 *(.dtors)

.jcr
 *(.jcr)

.data.rel.ro
 *(.data.rel.ro.local* .gnu.linkonce.d.rel.ro.local.*)
 *(.data.rel.ro* .gnu.linkonce.d.rel.ro.*)

.dynamic
 *(.dynamic)

.got
 *(.got)
 *(.igot)
                0x00000000c000e000                . = (. DATA_SEGMENT_RELRO_END 0xc)

.got.plt        0x00000000c000e000        0x0
 *(.got.plt)
 *(.igot.plt)
 .igot.plt      0x0000000000000000        0x0 build/main.o

.data           0x00000000c000e000      0x158
 *(.data .data.* .gnu.linkonce.d.*)
 .data          0x00000000c000e000        0x0 build/main.o
 .data          0x00000000c000e000        0x0 build/init.o
 .data          0x00000000c000e000        0x0 build/interrupt.o
 .data          0x00000000c000e000        0x0 build/timer.o
 .data          0x00000000c000e000       0xc0 build/kernel.o
                0x00000000c000e000                intr_entry_table
 .data          0x00000000c000e0c0        0x8 build/print.o
 .data          0x00000000c000e0c8        0x0 build/debug.o
 .data          0x00000000c000e0c8        0x0 build/memory.o
 .data          0x00000000c000e0c8        0x0 build/bitmap.o
 .data          0x00000000c000e0c8        0x0 build/string.o
 .data          0x00000000c000e0c8        0x0 build/thread.o
 .data          0x00000000c000e0c8        0x0 build/list.o
 .data          0x00000000c000e0c8        0x0 build/console.o
 .data          0x00000000c000e0c8        0x0 build/sync.o
 *fill*         0x00000000c000e0c8       0x18 00
 .data          0x00000000c000e0e0       0x76 build/keyboard.o
 *fill*         0x00000000c000e156        0x2 00
 .data          0x00000000c000e158        0x0 build/ioqueue.o
 .data          0x00000000c000e158        0x0 build/tss.o
 .data          0x00000000c000e158        0x0 build/process.o
 .data          0x00000000c000e158        0x0 build/syscall.o
 .data          0x00000000c000e158        0x0 build/syscall-init.o
 .data          0x00000000c000e158        0x0 build/stdio.o
 .data          0x00000000c000e158        0x0 build/ide.o
 .data          0x00000000c000e158        0x0 build/stdio-kernel.o
 .data          0x00000000c000e158        0x0 build/fs.o
 .data          0x00000000c000e158        0x0 build/inode.o
 .data          0x00000000c000e158        0x0 build/file.o
 .data          0x00000000c000e158        0x0 build/dir.o
 .data          0x00000000c000e158        0x0 build/fork.o

.data1
 *(.data1)

.sharable_data  0x00000000c000f000        0x0
                0x00000000c000f000                PROVIDE (__sharable_data_start, .)
 *(.sharable_data .sharable_data.* .gnu.linkonce.shrd.*)
                0x00000000c000f000                . = ALIGN ((. != 0x0)?0x1000:0x1)
                0x00000000c000f000                PROVIDE (__sharable_data_end, .)
                0x00000000c000f000                _edata = .
                0x00000000c000f000                PROVIDE (edata, .)
                0x00000000c000f000                __bss_start = .

.bss            0x00000000c000e160     0x1c08
 *(.dynbss)
 *(.bss .bss.* .gnu.linkonce.b.*)
 .bss           0x00000000c000e160        0x0 build/main.o
 .bss           0x00000000c000e160        0x0 build/init.o
 .bss           0x00000000c000e160      0x408 build/interrupt.o
 .bss           0x00000000c000e568        0x0 build/timer.o
 .bss           0x00000000c000e568        0x0 build/debug.o
 .bss           0x00000000c000e568        0x0 build/memory.o
 .bss           0x00000000c000e568        0x0 build/bitmap.o
 .bss           0x00000000c000e568        0x0 build/string.o
 .bss           0x00000000c000e568        0x6 build/thread.o
 *fill*         0x00000000c000e56e        0x2 00
 .bss           0x00000000c000e570        0x0 build/list.o
 .bss           0x00000000c000e570       0x1c build/console.o
 .bss           0x00000000c000e58c        0x0 build/sync.o
 .bss           0x00000000c000e58c       0x14 build/keyboard.o
 .bss           0x00000000c000e5a0        0x0 build/ioqueue.o
 .bss           0x00000000c000e5a0       0x6c build/tss.o
 .bss           0x00000000c000e60c        0x0 build/process.o
 .bss           0x00000000c000e60c        0x0 build/syscall.o
 .bss           0x00000000c000e60c        0x0 build/syscall-init.o
 .bss           0x00000000c000e60c        0x0 build/stdio.o
 .bss           0x00000000c000e60c        0x6 build/ide.o
                0x00000000c000e60c                ext_lba_base
                0x00000000c000e610                p_no
                0x00000000c000e611                l_no
 *fill*         0x00000000c000e612        0x2 00
 .bss           0x00000000c000e614        0x0 build/stdio-kernel.o
 .bss           0x00000000c000e614        0x0 build/fs.o
 .bss           0x00000000c000e614        0x0 build/inode.o
 .bss           0x00000000c000e614        0x0 build/file.o
 .bss           0x00000000c000e614        0x0 build/dir.o
 .bss           0x00000000c000e614        0x0 build/fork.o
 *(COMMON)
 *fill*         0x00000000c000e614        0xc 00
 COMMON         0x00000000c000e620      0x424 build/interrupt.o
                0x00000000c000e620                intr_name
                0x00000000c000e840                idt_table
 COMMON         0x00000000c000ea44        0x4 build/timer.o
                0x00000000c000ea44                ticks
 *fill*         0x00000000c000ea48       0x18 00
 COMMON         0x00000000c000ea60      0x12c build/memory.o
                0x00000000c000ea60                user_pool
                0x00000000c000eaa0                k_block_descs
                0x00000000c000eb48                kernel_vaddr
                0x00000000c000eb60                kernel_pool
 COMMON         0x00000000c000eb8c       0x44 build/thread.o
                0x00000000c000eb8c                thread_ready_list
                0x00000000c000eb9c                thread_all_list
                0x00000000c000ebac                idle_thread
                0x00000000c000ebb0                main_thread
                0x00000000c000ebb4                pid_lock
 *fill*         0x00000000c000ebd0       0x10 00
 COMMON         0x00000000c000ebe0       0x6c build/keyboard.o
                0x00000000c000ebe0                kbd_buf
 *fill*         0x00000000c000ec4c       0x14 00
 COMMON         0x00000000c000ec60       0x80 build/syscall-init.o
                0x00000000c000ec60                syscall_table
 COMMON         0x00000000c000ece0      0xcf0 build/ide.o
                0x00000000c000ece0                channel_cnt
                0x00000000c000ed00                channels
                0x00000000c000f9c0                partition_list
 COMMON         0x00000000c000f9d0        0x4 build/fs.o
                0x00000000c000f9d0                cur_part
 *fill*         0x00000000c000f9d4        0xc 00
 COMMON         0x00000000c000f9e0      0x180 build/file.o
                0x00000000c000f9e0                file_table
 COMMON         0x00000000c000fb60      0x208 build/dir.o
                0x00000000c000fb60                root_dir
                0x00000000c000fd68                . = ALIGN ((. != 0x0)?0x4:0x1)

.sharable_bss   0x00000000c0010000        0x0
                0x00000000c0010000                PROVIDE (__sharable_bss_start, .)
 *(.dynsharablebss)
 *(.sharable_bss .sharable_bss.* .gnu.linkonce.shrb.*)
 *(SHARABLE_COMMON)
                0x00000000c0010000                . = ALIGN ((. != 0x0)?0x1000:0x1)
                0x00000000c0010000                PROVIDE (__sharable_bss_end, .)
                0x00000000c0010000                . = ALIGN (0x4)
                0x00000000c0010000                . = ALIGN (0x4)
                0x00000000c0010000                _end = .
                0x00000000c0010000                PROVIDE (end, .)
                0x00000000c0010000                . = DATA_SEGMENT_END (.)

.stab
 *(.stab)

.stabstr
 *(.stabstr)

.stab.excl
 *(.stab.excl)

.stab.exclstr
 *(.stab.exclstr)

.stab.index
 *(.stab.index)

.stab.indexstr
 *(.stab.indexstr)

.comment        0x0000000000000000       0x2d
 *(.comment)
 .comment       0x0000000000000000       0x2d build/main.o
                                         0x2e (size before relaxing)
 .comment       0x0000000000000000       0x2e build/init.o
 .comment       0x0000000000000000       0x2e build/interrupt.o
 .comment       0x0000000000000000       0x2e build/timer.o
 .comment       0x0000000000000000       0x2e build/debug.o
 .comment       0x0000000000000000       0x2e build/memory.o
 .comment       0x0000000000000000       0x2e build/bitmap.o
 .comment       0x0000000000000000       0x2e build/string.o
 .comment       0x0000000000000000       0x2e build/thread.o
 .comment       0x0000000000000000       0x2e build/list.o
 .comment       0x0000000000000000       0x2e build/console.o
 .comment       0x0000000000000000       0x2e build/sync.o
 .comment       0x0000000000000000       0x2e build/keyboard.o
 .comment       0x0000000000000000       0x2e build/ioqueue.o
 .comment       0x0000000000000000       0x2e build/tss.o
 .comment       0x0000000000000000       0x2e build/process.o
 .comment       0x0000000000000000       0x2e build/syscall.o
 .comment       0x0000000000000000       0x2e build/syscall-init.o
 .comment       0x0000000000000000       0x2e build/stdio.o
 .comment       0x0000000000000000       0x2e build/ide.o
 .comment       0x0000000000000000       0x2e build/stdio-kernel.o
 .comment       0x0000000000000000       0x2e build/fs.o
 .comment       0x0000000000000000       0x2e build/inode.o
 .comment       0x0000000000000000       0x2e build/file.o
 .comment       0x0000000000000000       0x2e build/dir.o
 .comment       0x0000000000000000       0x2e build/fork.o

.debug
 *(.debug)

.line
 *(.line)

.debug_srcinfo
 *(.debug_srcinfo)

.debug_sfnames
 *(.debug_sfnames)

.debug_aranges
 *(.debug_aranges)

.debug_pubnames
 *(.debug_pubnames)

.debug_info
 *(.debug_info .gnu.linkonce.wi.*)

.debug_abbrev
 *(.debug_abbrev)

.debug_line
 *(.debug_line)

.debug_frame
 *(.debug_frame)

.debug_str
 *(.debug_str)

.debug_loc
 *(.debug_loc)

.debug_macinfo
 *(.debug_macinfo)

.debug_weaknames
 *(.debug_weaknames)

.debug_funcnames
 *(.debug_funcnames)

.debug_typenames
 *(.debug_typenames)

.debug_varnames
 *(.debug_varnames)

.debug_pubtypes
 *(.debug_pubtypes)

.debug_ranges
 *(.debug_ranges)

.gnu.attributes
 *(.gnu.attributes)

/DISCARD/
 *(.note.GNU-stack)
 *(.gnu_debuglink)
 *(.gnu.lto_*)
OUTPUT(build/kernel.bin elf32-i386)
